Visual Scripting check passed!:::16:31:51
Build started...:::16:31:51
Building: android.banter:::16:31:51
Building: windows.banter:::16:32:42
Build finished.:::16:33:07
Upload started: Assets\WebRoot\windows.banter...:::16:33:12
Uploaded Assets\WebRoot\windows.banter to https://test.bant.ing/windows.banter:::16:34:05
Upload started: Assets\WebRoot\android.banter...:::16:34:05
Uploaded Assets\WebRoot\android.banter to https://test.bant.ing/android.banter:::16:34:24
Upload started: Assets\WebRoot\index.html...:::16:34:24
Uploaded Assets\WebRoot\index.html to https://test.bant.ing/index.html:::16:34:24
File not found, skipping: Assets\WebRoot\script.js:::16:34:24
File not found, skipping: Assets\WebRoot\bullshcript.js:::16:34:24
Upload complete.:::16:34:24
Visual Scripting check passed!:::16:39:08
Build started...:::16:39:08
Building: android.banter:::16:39:08
Building: windows.banter:::16:39:41
Build finished.:::16:39:43
Upload started: Assets\WebRoot\windows.banter...:::16:39:58
Uploaded Assets\WebRoot\windows.banter to https://test.bant.ing/windows.banter:::16:40:49
Upload started: Assets\WebRoot\android.banter...:::16:40:49
Visual Scripting check passed!:::16:43:23
Build started...:::16:43:23
Building: android.banter:::16:43:23
Building: windows.banter:::16:43:59
Build finished.:::16:44:35
Upload started: Assets\WebRoot\windows.banter...:::16:44:35
Uploaded Assets\WebRoot\windows.banter to https://test.bant.ing/windows.banter:::16:45:03
Upload started: Assets\WebRoot\android.banter...:::16:45:03
Uploaded Assets\WebRoot\android.banter to https://test.bant.ing/android.banter:::16:45:18
Upload started: Assets\WebRoot\index.html...:::16:45:18
Uploaded Assets\WebRoot\index.html to https://test.bant.ing/index.html:::16:45:20
File not found, skipping: Assets\WebRoot\script.js:::16:45:20
File not found, skipping: Assets\WebRoot\bullshcript.js:::16:45:20
Upload complete.:::16:45:20
Visual Scripting check passed!:::16:47:25
Build started...:::16:47:25
Building: android.banter:::16:47:25
Building: windows.banter:::16:47:51
Build finished.:::16:48:03
Upload started: Assets\WebRoot\windows.banter...:::16:48:04
Uploaded Assets\WebRoot\windows.banter to https://test.bant.ing/windows.banter:::16:48:30
Upload started: Assets\WebRoot\android.banter...:::16:48:30
Uploaded Assets\WebRoot\android.banter to https://test.bant.ing/android.banter:::16:48:48
Upload started: Assets\WebRoot\index.html...:::16:48:48
Uploaded Assets\WebRoot\index.html to https://test.bant.ing/index.html:::16:48:49
File not found, skipping: Assets\WebRoot\script.js:::16:48:49
File not found, skipping: Assets\WebRoot\bullshcript.js:::16:48:49
Upload complete.:::16:48:49
Visual Scripting check passed!:::16:55:21
Build started...:::16:55:21
Building: android.banter:::16:55:21
Building: windows.banter:::16:55:49
Build finished.:::16:56:03
Upload started: Assets\WebRoot\windows.banter...:::16:56:04
Uploaded Assets\WebRoot\windows.banter to https://test.bant.ing/windows.banter:::16:56:28
Upload started: Assets\WebRoot\android.banter...:::16:56:28
Uploaded Assets\WebRoot\android.banter to https://test.bant.ing/android.banter:::16:56:53
Upload started: Assets\WebRoot\index.html...:::16:56:53
Uploaded Assets\WebRoot\index.html to https://test.bant.ing/index.html:::16:56:53
File not found, skipping: Assets\WebRoot\script.js:::16:56:53
File not found, skipping: Assets\WebRoot\bullshcript.js:::16:56:53
Upload complete.:::16:56:53
Visual Scripting check passed!:::16:59:22
Build started...:::16:59:22
Building: android.banter:::16:59:22
Building: windows.banter:::16:59:47
Build finished.:::16:59:59
Upload started: Assets\WebRoot\windows.banter...:::16:59:59
Uploaded Assets\WebRoot\windows.banter to https://test.bant.ing/windows.banter:::17:00:32
Upload started: Assets\WebRoot\android.banter...:::17:00:32
Uploaded Assets\WebRoot\android.banter to https://test.bant.ing/android.banter:::17:01:20
Upload started: Assets\WebRoot\index.html...:::17:01:20
Uploaded Assets\WebRoot\index.html to https://test.bant.ing/index.html:::17:01:22
File not found, skipping: Assets\WebRoot\script.js:::17:01:22
File not found, skipping: Assets\WebRoot\bullshcript.js:::17:01:22
Upload complete.:::17:01:22
Visual Scripting check passed!:::17:12:18
Build started...:::17:12:18
Building: android.banter:::17:12:18
Building: windows.banter:::17:12:47
Build finished.:::17:13:02
Upload started: Assets\WebRoot\windows.banter...:::17:13:02
Uploaded Assets\WebRoot\windows.banter to https://test.bant.ing/windows.banter:::17:13:38
Upload started: Assets\WebRoot\android.banter...:::17:13:38
Uploaded Assets\WebRoot\android.banter to https://test.bant.ing/android.banter:::17:13:56
Upload started: Assets\WebRoot\index.html...:::17:13:56
Uploaded Assets\WebRoot\index.html to https://test.bant.ing/index.html:::17:13:57
File not found, skipping: Assets\WebRoot\script.js:::17:13:57
File not found, skipping: Assets\WebRoot\bullshcript.js:::17:13:57
Upload complete.:::17:13:57
Visual Scripting check passed!:::17:24:40
Build started...:::17:24:40
Building: android.banter:::17:24:40
Building: windows.banter:::17:25:07
Build finished.:::17:25:20
Upload started: Assets\WebRoot\windows.banter...:::17:25:20
Uploaded Assets\WebRoot\windows.banter to https://test.bant.ing/windows.banter:::17:25:40
Upload started: Assets\WebRoot\android.banter...:::17:25:40
Uploaded Assets\WebRoot\android.banter to https://test.bant.ing/android.banter:::17:25:56
Upload started: Assets\WebRoot\index.html...:::17:25:56
Uploaded Assets\WebRoot\index.html to https://test.bant.ing/index.html:::17:25:56
File not found, skipping: Assets\WebRoot\script.js:::17:25:56
File not found, skipping: Assets\WebRoot\bullshcript.js:::17:25:56
Upload complete.:::17:25:56
Visual Scripting check passed!:::17:41:43
Build started...:::17:41:43
Building: android.banter:::17:41:43
Building: windows.banter:::17:42:12
Build finished.:::17:42:25
Upload started: Assets\WebRoot\windows.banter...:::17:42:26
Uploaded Assets\WebRoot\windows.banter to https://test.bant.ing/windows.banter:::17:42:58
Upload started: Assets\WebRoot\android.banter...:::17:42:58
Uploaded Assets\WebRoot\android.banter to https://test.bant.ing/android.banter:::17:43:15
Upload started: Assets\WebRoot\index.html...:::17:43:15
Uploaded Assets\WebRoot\index.html to https://test.bant.ing/index.html:::17:43:16
File not found, skipping: Assets\WebRoot\script.js:::17:43:16
File not found, skipping: Assets\WebRoot\bullshcript.js:::17:43:16
Upload complete.:::17:43:16
Found disallowed visual scripting nodes, please check the logs for more information.:::17:59:16
Visual Scripting check passed!:::18:01:17
Build started...:::18:01:17
Building: android.banter:::18:01:17
Building: windows.banter:::18:01:46
Build finished.:::18:02:02
Upload started: Assets\WebRoot\windows.banter...:::18:02:02
Uploaded Assets\WebRoot\windows.banter to https://test.bant.ing/windows.banter:::18:02:39
Upload started: Assets\WebRoot\android.banter...:::18:02:39
Uploaded Assets\WebRoot\android.banter to https://test.bant.ing/android.banter:::18:02:57
Upload started: Assets\WebRoot\index.html...:::18:02:57
Uploaded Assets\WebRoot\index.html to https://test.bant.ing/index.html:::18:02:58
File not found, skipping: Assets\WebRoot\script.js:::18:02:58
File not found, skipping: Assets\WebRoot\bullshcript.js:::18:02:58
Upload complete.:::18:02:58
Visual Scripting check passed!:::18:04:48
Build started...:::18:04:48
Building: android.banter:::18:04:48
Building: windows.banter:::18:05:17
Build finished.:::18:05:32
Upload started: Assets\WebRoot\windows.banter...:::18:05:32
Uploaded Assets\WebRoot\windows.banter to https://test.bant.ing/windows.banter:::18:05:56
Upload started: Assets\WebRoot\android.banter...:::18:05:56
Uploaded Assets\WebRoot\android.banter to https://test.bant.ing/android.banter:::18:06:19
Upload started: Assets\WebRoot\index.html...:::18:06:19
Uploaded Assets\WebRoot\index.html to https://test.bant.ing/index.html:::18:06:20
File not found, skipping: Assets\WebRoot\script.js:::18:06:20
File not found, skipping: Assets\WebRoot\bullshcript.js:::18:06:20
Upload complete.:::18:06:20
Visual Scripting check passed!:::18:19:12
Build started...:::18:19:12
Building: android.banter:::18:19:12
Building: windows.banter:::18:19:41
Build finished.:::18:19:56
Upload started: Assets\WebRoot\windows.banter...:::18:19:56
Uploaded Assets\WebRoot\windows.banter to https://test.bant.ing/windows.banter:::18:20:23
Upload started: Assets\WebRoot\android.banter...:::18:20:23
Uploaded Assets\WebRoot\android.banter to https://test.bant.ing/android.banter:::18:20:43
Upload started: Assets\WebRoot\index.html...:::18:20:43
Uploaded Assets\WebRoot\index.html to https://test.bant.ing/index.html:::18:20:44
File not found, skipping: Assets\WebRoot\script.js:::18:20:44
File not found, skipping: Assets\WebRoot\bullshcript.js:::18:20:44
Upload complete.:::18:20:44
Found disallowed visual scripting nodes, please check the logs for more information.:::18:27:10
Visual Scripting check passed!:::18:51:03
Build started...:::18:51:03
Building: android.banter:::18:51:03
Building: windows.banter:::18:51:32
Build finished.:::18:51:47
Upload started: Assets\WebRoot\windows.banter...:::18:51:47
Uploaded Assets\WebRoot\windows.banter to https://test.bant.ing/windows.banter:::18:52:26
Upload started: Assets\WebRoot\android.banter...:::18:52:26
Uploaded Assets\WebRoot\android.banter to https://test.bant.ing/android.banter:::18:52:55
Upload started: Assets\WebRoot\index.html...:::18:52:55
Uploaded Assets\WebRoot\index.html to https://test.bant.ing/index.html:::18:52:56
File not found, skipping: Assets\WebRoot\script.js:::18:52:56
File not found, skipping: Assets\WebRoot\bullshcript.js:::18:52:56
Upload complete.:::18:52:56
Visual Scripting check passed!:::18:57:15
Build started...:::18:57:15
Building: android.banter:::18:57:15
Building: windows.banter:::18:57:47
Build finished.:::18:58:04
Upload started: Assets\WebRoot\windows.banter...:::18:58:04
Uploaded Assets\WebRoot\windows.banter to https://test.bant.ing/windows.banter:::18:58:42
Upload started: Assets\WebRoot\android.banter...:::18:58:42
Uploaded Assets\WebRoot\android.banter to https://test.bant.ing/android.banter:::18:59:01
Upload started: Assets\WebRoot\index.html...:::18:59:01
Uploaded Assets\WebRoot\index.html to https://test.bant.ing/index.html:::18:59:02
File not found, skipping: Assets\WebRoot\script.js:::18:59:02
File not found, skipping: Assets\WebRoot\bullshcript.js:::18:59:02
Upload complete.:::18:59:02
Visual Scripting check passed!:::19:02:39
Build started...:::19:02:39
Building: android.banter:::19:02:39
Building: windows.banter:::19:03:09
Build finished.:::19:03:23
Upload started: Assets\WebRoot\windows.banter...:::19:03:24
Uploaded Assets\WebRoot\windows.banter to https://test.bant.ing/windows.banter:::19:03:53
Upload started: Assets\WebRoot\android.banter...:::19:03:53
Uploaded Assets\WebRoot\android.banter to https://test.bant.ing/android.banter:::19:04:15
Upload started: Assets\WebRoot\index.html...:::19:04:15
Uploaded Assets\WebRoot\index.html to https://test.bant.ing/index.html:::19:04:16
File not found, skipping: Assets\WebRoot\script.js:::19:04:16
File not found, skipping: Assets\WebRoot\bullshcript.js:::19:04:16
Upload complete.:::19:04:16
Visual Scripting check passed!:::19:05:44
Build started...:::19:05:44
Building: android.banter:::19:05:44
Building: windows.banter:::19:06:16
Build finished.:::19:06:33
Upload started: Assets\WebRoot\windows.banter...:::19:06:33
Uploaded Assets\WebRoot\windows.banter to https://test.bant.ing/windows.banter:::19:07:07
Upload started: Assets\WebRoot\android.banter...:::19:07:07
Uploaded Assets\WebRoot\android.banter to https://test.bant.ing/android.banter:::19:07:44
Upload started: Assets\WebRoot\index.html...:::19:07:44
Uploaded Assets\WebRoot\index.html to https://test.bant.ing/index.html:::19:07:46
File not found, skipping: Assets\WebRoot\script.js:::19:07:46
File not found, skipping: Assets\WebRoot\bullshcript.js:::19:07:46
Upload complete.:::19:07:46
Visual Scripting check passed!:::19:37:28
Build started...:::19:37:28
Building: android.banter:::19:37:28
Building: windows.banter:::19:37:59
Build finished.:::19:38:14
Upload started: Assets\WebRoot\windows.banter...:::19:38:14
Uploaded Assets\WebRoot\windows.banter to https://test.bant.ing/windows.banter:::19:38:41
Upload started: Assets\WebRoot\android.banter...:::19:38:41
Uploaded Assets\WebRoot\android.banter to https://test.bant.ing/android.banter:::19:39:16
Upload started: Assets\WebRoot\index.html...:::19:39:16
Uploaded Assets\WebRoot\index.html to https://test.bant.ing/index.html:::19:39:17
File not found, skipping: Assets\WebRoot\script.js:::19:39:17
File not found, skipping: Assets\WebRoot\bullshcript.js:::19:39:17
Upload complete.:::19:39:17
Visual Scripting check passed!:::19:45:13
Build started...:::19:45:13
Building: android.banter:::19:45:13
Building: windows.banter:::19:45:45
Build finished.:::19:46:03
Upload started: Assets\WebRoot\windows.banter...:::19:46:03
Uploaded Assets\WebRoot\windows.banter to https://test.bant.ing/windows.banter:::19:46:28
Upload started: Assets\WebRoot\android.banter...:::19:46:28
Uploaded Assets\WebRoot\android.banter to https://test.bant.ing/android.banter:::19:46:56
Upload started: Assets\WebRoot\index.html...:::19:46:56
Uploaded Assets\WebRoot\index.html to https://test.bant.ing/index.html:::19:46:56
File not found, skipping: Assets\WebRoot\script.js:::19:46:56
File not found, skipping: Assets\WebRoot\bullshcript.js:::19:46:56
Upload complete.:::19:46:56
Visual Scripting check passed!:::19:53:02
Build started...:::19:53:02
Building: android.banter:::19:53:02
Building: windows.banter:::19:53:35
Build finished.:::19:53:54
Upload started: Assets\WebRoot\windows.banter...:::19:53:54
Uploaded Assets\WebRoot\windows.banter to https://test.bant.ing/windows.banter:::19:54:29
Upload started: Assets\WebRoot\android.banter...:::19:54:29
Uploaded Assets\WebRoot\android.banter to https://test.bant.ing/android.banter:::19:54:43
Upload started: Assets\WebRoot\index.html...:::19:54:43
Uploaded Assets\WebRoot\index.html to https://test.bant.ing/index.html:::19:54:44
File not found, skipping: Assets\WebRoot\script.js:::19:54:44
File not found, skipping: Assets\WebRoot\bullshcript.js:::19:54:44
Upload complete.:::19:54:44
Visual Scripting check passed!:::20:08:34
Build started...:::20:08:34
Building: android.banter:::20:08:34
Building: windows.banter:::20:09:08
Build finished.:::20:09:27
Upload started: Assets\WebRoot\windows.banter...:::20:09:27
Uploaded Assets\WebRoot\windows.banter to https://test.bant.ing/windows.banter:::20:09:55
Upload started: Assets\WebRoot\android.banter...:::20:09:55
Uploaded Assets\WebRoot\android.banter to https://test.bant.ing/android.banter:::20:10:20
Upload started: Assets\WebRoot\index.html...:::20:10:20
Uploaded Assets\WebRoot\index.html to https://test.bant.ing/index.html:::20:10:21
File not found, skipping: Assets\WebRoot\script.js:::20:10:21
File not found, skipping: Assets\WebRoot\bullshcript.js:::20:10:21
Upload complete.:::20:10:21
Visual Scripting check passed!:::20:18:54
Build started...:::20:18:54
Building: android.banter:::20:18:54
Building: windows.banter:::20:19:27
Build finished.:::20:19:45
Upload started: Assets\WebRoot\windows.banter...:::20:19:45
Uploaded Assets\WebRoot\windows.banter to https://test.bant.ing/windows.banter:::20:20:11
Upload started: Assets\WebRoot\android.banter...:::20:20:11
Uploaded Assets\WebRoot\android.banter to https://test.bant.ing/android.banter:::20:20:38
Upload started: Assets\WebRoot\index.html...:::20:20:38
Uploaded Assets\WebRoot\index.html to https://test.bant.ing/index.html:::20:20:39
File not found, skipping: Assets\WebRoot\script.js:::20:20:39
File not found, skipping: Assets\WebRoot\bullshcript.js:::20:20:39
Upload complete.:::20:20:39
Visual Scripting check passed!:::20:21:12
Build started...:::20:21:12
Building: android.banter:::20:21:12
Building: windows.banter:::20:21:45
Build finished.:::20:22:02
Upload started: Assets\WebRoot\windows.banter...:::20:22:03
Uploaded Assets\WebRoot\windows.banter to https://test.bant.ing/windows.banter:::20:22:42
Upload started: Assets\WebRoot\android.banter...:::20:22:42
Uploaded Assets\WebRoot\android.banter to https://test.bant.ing/android.banter:::20:23:07
Upload started: Assets\WebRoot\index.html...:::20:23:07
Uploaded Assets\WebRoot\index.html to https://test.bant.ing/index.html:::20:23:08
File not found, skipping: Assets\WebRoot\script.js:::20:23:08
File not found, skipping: Assets\WebRoot\bullshcript.js:::20:23:08
Upload complete.:::20:23:08
Visual Scripting check passed!:::20:26:13
Build started...:::20:26:13
Building: android.banter:::20:26:13
Building: windows.banter:::20:26:46
Build finished.:::20:27:04
Upload started: Assets\WebRoot\windows.banter...:::20:27:05
Uploaded Assets\WebRoot\windows.banter to https://test.bant.ing/windows.banter:::20:27:37
Upload started: Assets\WebRoot\android.banter...:::20:27:37
Uploaded Assets\WebRoot\android.banter to https://test.bant.ing/android.banter:::20:28:02
Upload started: Assets\WebRoot\index.html...:::20:28:02
Uploaded Assets\WebRoot\index.html to https://test.bant.ing/index.html:::20:28:03
File not found, skipping: Assets\WebRoot\script.js:::20:28:03
File not found, skipping: Assets\WebRoot\bullshcript.js:::20:28:03
Upload complete.:::20:28:03
