12/22/2022 11:41 | SampleScene | 0h 0m 21s
12/22/2022 11:51 | Banter_WinterSportResort | 0h 0m 19s
12/25/2022 12:45 | Banter_WinterSportResort | 0h 1m 50s
12/25/2022 12:49 | Banter_WinterSportResort | 0h 2m 25s
12/25/2022 12:55 | Banter_WinterSportResort | 0h 3m 46s
12/25/2022 13:34 | Banter_WinterSportResort | 0h 5m 35s
12/25/2022 19:18 | Banter_WinterSportResort | 0h 5m 34s
12/25/2022 23:11 | Banter_WinterSportResort | 0h 3m 37s
12/28/2022 15:07 | Banter_WinterSportResort | 0h 4m 10s
12/28/2022 15:25 | Banter_WinterSportResort | 0h 3m 3s
12/28/2022 16:18 | Banter_WinterSportResort | 0h 2m 33s
12/28/2022 16:41 | Banter_WinterSportResort | 0h 1m 32s
12/29/2022 12:29 | Banter_WinterSportResort | 0h 1m 37s
12/29/2022 14:10 | Banter_WinterSportResort | 0h 1m 29s
12/29/2022 16:21 | Banter_WinterSportResort | 0h 1m 23s
12/29/2022 16:24 | Banter_WinterSportResort | 0h 1m 25s
12/29/2022 16:27 | Banter_WinterSportResort | 0h 1m 28s
12/29/2022 16:50 | Banter_WinterSportResort | 0h 1m 23s
12/29/2022 16:59 | Banter_WinterSportResort | 0h 1m 32s
12/29/2022 17:04 | Banter_WinterSportResort | 0h 0m 27s
12/29/2022 17:06 | Banter_WinterSportResort | 0h 0m 28s
12/29/2022 17:08 | Banter_WinterSportResort | 0h 0m 29s
12/29/2022 17:10 | Banter_WinterSportResort | 0h 0m 28s
12/29/2022 17:11 | Banter_WinterSportResort | 0h 0m 29s
12/29/2022 17:12 | Banter_WinterSportResort | 0h 0m 29s
12/29/2022 17:15 | Banter_WinterSportResort | 0h 0m 50s
12/31/2022 16:27 | Banter_WinterSportResort | 0h 0m 18s
12/31/2022 16:44 | Banter_WinterSportResort | 0h 0m 15s
12/31/2022 16:46 | Banter_WinterSportResort | 0h 0m 15s
12/31/2022 16:48 | Banter_WinterSportResort | 0h 0m 14s
12/31/2022 17:40 | Banter_WinterSportResort | 0h 0m 13s
12/31/2022 17:49 | Banter_WinterSportResort | 0h 0m 13s
12/31/2022 18:31 | Banter_WinterSportResort | 0h 0m 14s
12/31/2022 18:33 | Banter_WinterSportResort | 0h 0m 13s
12/31/2022 19:11 | Banter_WinterSportResort | 0h 0m 20s
12/31/2022 21:28 | Banter_WinterSportResort | 0h 0m 15s
12/31/2022 21:30 | Banter_WinterSportResort | 0h 0m 13s
12/31/2022 21:32 | Banter_WinterSportResort | 0h 0m 13s
12/31/2022 21:35 | Banter_WinterSportResort | 0h 0m 12s
12/31/2022 23:12 | Banter_WinterSportResort | 0h 0m 13s
12/31/2022 23:14 | Banter_WinterSportResort | 0h 0m 12s
12/31/2022 23:17 | Banter_WinterSportResort | 0h 0m 11s
12/31/2022 23:29 | Banter_WinterSportResort | 0h 0m 12s
01/01/2023 01:31 | Banter_WinterSportResort | 0h 0m 15s
01/01/2023 01:33 | Banter_WinterSportResort | 0h 1m 26s
01/01/2023 01:36 | Banter_WinterSportResort | 0h 1m 39s
01/01/2023 01:38 | Banter_WinterSportResort | 0h 1m 32s
01/01/2023 01:41 | Banter_WinterSportResort | 0h 1m 34s
01/01/2023 01:43 | Banter_WinterSportResort | 0h 1m 35s
01/01/2023 01:45 | Banter_WinterSportResort | 0h 1m 28s
01/01/2023 01:47 | Banter_WinterSportResort | 0h 1m 35s
01/01/2023 01:58 | Banter_WinterSportResort | 0h 1m 26s
01/01/2023 11:27 | Banter_WinterSportResort | 0h 1m 43s
01/01/2023 11:32 | Banter_WinterSportResort | 0h 1m 37s
01/01/2023 11:35 | Banter_WinterSportResort | 0h 1m 35s
01/01/2023 14:35 | Banter_WinterSportResort | 0h 4m 40s
01/01/2023 15:04 | Banter_WinterSportResort | 0h 2m 13s
01/01/2023 15:13 | Banter_WinterSportResort | 0h 2m 13s
01/01/2023 15:26 | Banter_WinterSportResort | 0h 2m 9s
01/01/2023 15:42 | Banter_WinterSportResort | 0h 2m 14s
01/01/2023 15:58 | Banter_WinterSportResort | 0h 2m 22s
01/01/2023 17:25 | Banter_WinterSportResort | 0h 1m 39s
01/01/2023 17:41 | Banter_WinterSportResort | 0h 1m 4s
01/01/2023 17:51 | Banter_WinterSportResort | 0h 1m 3s
01/01/2023 17:56 | Banter_WinterSportResort | 0h 0m 57s
01/01/2023 18:01 | Banter_WinterSportResort | 0h 1m 25s
01/01/2023 18:04 | Banter_WinterSportResort | 0h 1m 44s
01/01/2023 18:08 | Banter_WinterSportResort | 0h 1m 30s
01/01/2023 18:35 | Banter_WinterSportResort | 0h 2m 26s
01/01/2023 18:39 | Banter_WinterSportResort | 0h 2m 40s
01/01/2023 18:44 | Banter_WinterSportResort | 0h 2m 34s
01/01/2023 19:06 | Banter_WinterSportResort | 0h 2m 10s
01/01/2023 19:09 | Banter_WinterSportResort | 0h 2m 19s
01/01/2023 19:21 | Banter_WinterSportResort | 0h 2m 44s
01/01/2023 19:34 | Banter_WinterSportResort | 0h 2m 32s
01/01/2023 21:18 | Banter_WinterSportResort | 0h 2m 2s
01/01/2023 21:22 | Banter_WinterSportResort | 0h 2m 6s
01/02/2023 11:05 | Banter_WinterSportResort | 0h 2m 9s
01/02/2023 12:17 | Banter_WinterSportResort | 0h 2m 6s
01/02/2023 12:30 | Banter_WinterSportResort | 0h 2m 18s
01/02/2023 12:40 | Banter_WinterSportResort | 0h 2m 24s
01/02/2023 12:54 | Banter_WinterSportResort | 0h 2m 11s
01/02/2023 13:21 | Banter_WinterSportResort | 0h 2m 10s
01/02/2023 13:30 | Banter_WinterSportResort | 0h 2m 4s
01/02/2023 13:36 | Banter_WinterSportResort | 0h 2m 6s
01/02/2023 14:18 | Banter_WinterSportResort | 0h 2m 7s
01/02/2023 14:40 | Banter_WinterSportResort | 0h 2m 11s
01/02/2023 15:27 | Banter_WinterSportResort | 0h 2m 18s
01/02/2023 16:12 | Banter_WinterSportResort | 0h 1m 35s
01/02/2023 16:44 | Banter_WinterSportResort | 0h 2m 21s
01/02/2023 17:16 | Banter_WinterSportResort | 0h 2m 2s
01/02/2023 17:43 | Banter_WinterSportResort | 0h 2m 6s
01/02/2023 21:42 | Banter_WinterSportResort | 0h 2m 23s
01/02/2023 21:47 | Banter_WinterSportResort | 0h 2m 38s
01/02/2023 21:59 | Banter_WinterSportResort | 0h 2m 33s
01/02/2023 22:08 | Banter_WinterSportResort | 0h 2m 11s
01/02/2023 22:35 | Banter_WinterSportResort | 0h 2m 11s
01/02/2023 22:45 | Banter_WinterSportResort | 0h 2m 34s
01/06/2023 00:45 | Banter_WinterSportResort | 0h 2m 3s
01/06/2023 01:22 | Banter_WinterSportResort | 0h 2m 4s
01/06/2023 01:27 | Banter_WinterSportResort | 0h 2m 5s
01/06/2023 10:00 | Banter_WinterSportResort | 0h 2m 36s
01/06/2023 10:16 | Banter_WinterSportResort | 0h 2m 17s
01/06/2023 10:27 | Banter_WinterSportResort | 0h 2m 25s
01/06/2023 10:39 | Banter_WinterSportResort | 0h 2m 4s
01/06/2023 10:53 | Banter_WinterSportResort | 0h 2m 26s
01/06/2023 11:37 | Banter_WinterSportResort | 0h 3m 47s
01/06/2023 11:59 | Banter_WinterSportResort | 0h 3m 30s
01/06/2023 14:51 | Banter_WinterSportResort | 0h 6m 22s
01/06/2023 16:52 | Banter_WinterSportResort | 0h 3m 58s
01/06/2023 17:13 | Banter_WinterSportResort | 0h 4m 52s
01/06/2023 17:28 | Banter_WinterSportResort | 0h 3m 47s
01/06/2023 17:45 | Banter_WinterSportResort | 0h 4m 36s
01/06/2023 18:26 | Banter_WinterSportResort | 0h 4m 18s
01/06/2023 18:39 | Banter_WinterSportResort | 0h 4m 25s
01/06/2023 18:48 | Banter_WinterSportResort | 0h 2m 16s
01/06/2023 18:54 | Banter_WinterSportResort | 0h 3m 25s
01/06/2023 19:23 | Banter_WinterSportResort | 0h 3m 32s
01/06/2023 19:46 | Banter_WinterSportResort | 0h 4m 29s
01/06/2023 20:14 | Banter_WinterSportResort | 0h 3m 28s
01/06/2023 20:58 | Banter_WinterSportResort | 0h 2m 21s
01/06/2023 21:02 | Banter_WinterSportResort | 0h 2m 18s
01/06/2023 21:21 | Banter_WinterSportResort | 0h 3m 23s
01/07/2023 01:11 | Banter_WinterSportResort | 0h 2m 10s
01/07/2023 01:26 | Banter_WinterSportResort | 0h 2m 12s
01/07/2023 01:54 | Banter_WinterSportResort | 0h 2m 11s
01/07/2023 02:03 | Banter_WinterSportResort | 0h 2m 2s
01/07/2023 02:19 | Banter_WinterSportResort | 0h 2m 13s
01/07/2023 02:46 | Banter_WinterSportResort | 0h 2m 21s
01/07/2023 11:20 | Banter_WinterSportResort | 0h 1m 28s
01/07/2023 11:56 | Banter_WinterSportResort | 0h 1m 59s
01/07/2023 12:39 | Banter_WinterSportResort | 0h 2m 29s
01/07/2023 13:18 | Banter_WinterSportResort | 0h 2m 11s
01/07/2023 15:47 | Banter_WinterSportResort | 0h 2m 16s
01/07/2023 15:58 | Banter_WinterSportResort | 0h 2m 41s
01/07/2023 17:38 | Banter_WinterSportResort | 0h 2m 16s
01/07/2023 18:32 | Banter_WinterSportResort | 0h 2m 11s
01/07/2023 19:20 | Banter_WinterSportResort | 0h 2m 16s
01/07/2023 20:31 | Banter_WinterSportResort | 0h 2m 25s
01/07/2023 22:16 | Banter_WinterSportResort | 0h 2m 30s
01/07/2023 23:31 | Banter_WinterSportResort | 0h 2m 11s
01/08/2023 12:01 | Banter_WinterSportResort | 0h 2m 12s
01/08/2023 12:07 | Banter_WinterSportResort | 0h 2m 11s
01/08/2023 12:44 | Banter_WinterSportResort | 0h 1m 58s
01/08/2023 13:35 | Banter_WinterSportResort | 0h 2m 6s
01/08/2023 13:39 | Banter_WinterSportResort | 0h 2m 5s
01/08/2023 13:47 | Banter_WinterSportResort | 0h 2m 57s
01/08/2023 15:11 | Banter_WinterSportResort | 0h 3m 10s
01/08/2023 15:26 | Banter_WinterSportResort | 0h 3m 4s
01/08/2023 15:39 | Banter_WinterSportResort | 0h 2m 4s
01/08/2023 16:14 | Banter_WinterSportResort | 0h 1m 56s
01/08/2023 16:17 | Banter_WinterSportResort | 0h 2m 1s
01/08/2023 16:32 | Banter_WinterSportResort | 0h 1m 58s
01/08/2023 16:39 | Banter_WinterSportResort | 0h 2m 13s
01/08/2023 16:59 | Banter_WinterSportResort | 0h 2m 1s
01/08/2023 17:11 | Banter_WinterSportResort | 0h 2m 8s
01/08/2023 17:33 | Banter_WinterSportResort | 0h 2m 21s
01/08/2023 17:44 | Banter_WinterSportResort | 0h 2m 24s
01/08/2023 18:00 | Banter_WinterSportResort | 0h 2m 0s
01/08/2023 19:24 | Banter_WinterSportResort | 0h 2m 2s
01/08/2023 19:39 | Banter_WinterSportResort | 0h 2m 2s
01/08/2023 20:06 | Banter_WinterSportResort | 0h 2m 13s
01/08/2023 20:11 | Banter_WinterSportResort | 0h 1m 59s
01/08/2023 20:24 | Banter_WinterSportResort | 0h 1m 58s
01/08/2023 20:34 | Banter_WinterSportResort | 0h 2m 3s
01/08/2023 20:48 | Banter_WinterSportResort | 0h 2m 55s
01/08/2023 21:56 | Banter_WinterSportResort | 0h 3m 38s
01/08/2023 22:14 | Banter_WinterSportResort | 0h 3m 4s
01/08/2023 22:26 | Banter_WinterSportResort | 0h 3m 12s
01/08/2023 22:31 | Banter_WinterSportResort | 0h 3m 0s
01/09/2023 00:35 | Banter_WinterSportResort | 0h 3m 19s
01/10/2023 18:13 | Banter_WinterSportResort | 0h 3m 20s
01/10/2023 18:22 | Banter_WinterSportResort | 0h 3m 38s
01/10/2023 18:46 | Banter_WinterSportResort | 0h 11m 45s
01/10/2023 18:56 | Banter_WinterSportResort | 0h 4m 39s
01/10/2023 20:05 | Banter_WinterSportResort | 0h 2m 28s
01/10/2023 20:16 | Banter_WinterSportResort | 0h 3m 49s
01/10/2023 21:23 | Banter_WinterSportResort | 0h 3m 22s
01/10/2023 22:15 | Banter_WinterSportResort | 0h 2m 14s
01/10/2023 23:52 | Banter_WinterSportResort | 0h 2m 12s
01/11/2023 18:36 | Banter_WinterSportResort | 0h 2m 18s
01/11/2023 18:41 | Banter_WinterSportResort | 0h 2m 30s
01/11/2023 18:47 | Banter_WinterSportResort | 0h 2m 16s
01/11/2023 18:50 | Banter_WinterSportResort | 0h 2m 14s
01/11/2023 18:54 | Banter_WinterSportResort | 0h 2m 28s
01/11/2023 18:57 | Banter_WinterSportResort | 0h 2m 22s
01/11/2023 19:15 | Banter_WinterSportResort | 0h 2m 27s
01/11/2023 19:30 | Banter_WinterSportResort | 0h 2m 8s
01/11/2023 20:21 | Banter_WinterSportResort | 0h 3m 18s
01/11/2023 22:50 | Banter_WinterSportResort | 0h 3m 41s
01/11/2023 23:02 | Banter_WinterSportResort | 0h 3m 32s
01/12/2023 00:03 | Banter_WinterSportResort | 0h 3m 24s
01/12/2023 21:11 | Banter_WinterSportResort | 0h 2m 44s
01/12/2023 21:23 | Banter_WinterSportResort | 0h 2m 26s
01/12/2023 21:29 | Banter_WinterSportResort | 0h 2m 29s
01/12/2023 22:11 | Banter_WinterSportResort | 0h 2m 42s
01/12/2023 22:41 | Banter_WinterSportResort | 0h 2m 23s
01/12/2023 22:48 | Banter_WinterSportResort | 0h 2m 49s
01/12/2023 23:16 | Banter_WinterSportResort | 0h 2m 43s
01/12/2023 23:20 | Banter_WinterSportResort | 0h 2m 27s
01/12/2023 23:50 | Banter_WinterSportResort | 0h 2m 19s
01/13/2023 00:23 | Banter_WinterSportResort | 0h 2m 14s
01/13/2023 18:52 | Banter_WinterSportResort | 0h 2m 34s
01/13/2023 19:00 | Banter_WinterSportResort | 0h 3m 33s
01/13/2023 19:35 | Banter_WinterSportResort | 0h 4m 4s
01/13/2023 20:14 | Banter_WinterSportResort | 0h 7m 47s
01/13/2023 20:55 | Banter_WinterSportResort | 0h 2m 31s
01/13/2023 21:14 | Banter_WinterSportResort | 0h 2m 44s
01/13/2023 21:30 | Banter_WinterSportResort | 0h 3m 6s
01/13/2023 21:56 | Banter_WinterSportResort | 0h 9m 17s
01/13/2023 22:13 | Banter_WinterSportResort | 0h 2m 30s
01/13/2023 23:01 | Banter_WinterSportResort | 0h 2m 33s
01/13/2023 23:15 | Banter_WinterSportResort | 0h 2m 30s
01/14/2023 00:04 | Banter_WinterSportResort | 0h 7m 38s
01/14/2023 00:30 | Banter_WinterSportResort | 0h 7m 14s
01/14/2023 00:36 | Banter_WinterSportResort | 0h 3m 28s
01/14/2023 00:54 | Banter_WinterSportResort | 0h 2m 43s
01/14/2023 01:11 | Banter_WinterSportResort | 0h 6m 9s
01/14/2023 01:19 | Banter_WinterSportResort | 0h 6m 11s
01/14/2023 01:25 | Banter_WinterSportResort | 0h 2m 39s
01/14/2023 01:31 | Banter_WinterSportResort | 0h 2m 48s
01/14/2023 01:35 | Banter_WinterSportResort | 0h 2m 46s
01/14/2023 01:47 | Banter_WinterSportResort | 0h 2m 39s
01/14/2023 02:08 | Banter_WinterSportResort | 0h 15m 29s
01/14/2023 11:06 | Banter_WinterSportResort | 0h 2m 36s
01/14/2023 11:15 | Banter_WinterSportResort | 0h 2m 49s
01/14/2023 11:41 | Banter_WinterSportResort | 0h 2m 36s
01/14/2023 11:44 | Banter_WinterSportResort | 0h 2m 36s
01/14/2023 11:58 | Banter_WinterSportResort | 0h 2m 34s
01/14/2023 12:08 | Banter_WinterSportResort | 0h 2m 41s
01/14/2023 12:21 | Banter_WinterSportResort | 0h 2m 31s
01/14/2023 12:50 | Banter_WinterSportResort | 0h 18m 48s
01/14/2023 15:51 | Banter_WinterSportResort | 0h 2m 49s
01/14/2023 15:56 | Banter_WinterSportResort | 0h 3m 2s
01/14/2023 16:04 | Banter_WinterSportResort | 0h 2m 42s
01/14/2023 16:08 | Banter_WinterSportResort | 0h 2m 47s
01/14/2023 16:19 | Banter_WinterSportResort | 0h 2m 30s
01/14/2023 16:29 | Banter_WinterSportResort | 0h 2m 38s
01/14/2023 16:36 | Banter_WinterSportResort | 0h 2m 42s
01/14/2023 16:48 | Banter_WinterSportResort | 0h 2m 48s
01/14/2023 17:04 | Banter_WinterSportResort | 0h 2m 25s
01/14/2023 17:22 | Banter_WinterSportResort | 0h 1m 22s
01/14/2023 17:31 | Banter_WinterSportResort | 0h 1m 27s
01/14/2023 17:33 | Banter_WinterSportResort | 0h 1m 30s
01/14/2023 17:37 | Banter_WinterSportResort | 0h 1m 25s
01/14/2023 17:49 | Banter_WinterSportResort | 0h 1m 26s
01/14/2023 17:54 | Banter_WinterSportResort | 0h 1m 31s
01/14/2023 18:03 | Banter_WinterSportResort | 0h 1m 23s
01/14/2023 18:07 | Banter_WinterSportResort | 0h 1m 32s
01/14/2023 18:32 | Banter_WinterSportResort | 0h 11m 41s
01/14/2023 20:11 | Banter_WinterSportResort | 0h 11m 22s
01/14/2023 20:29 | Banter_WinterSportResort | 0h 12m 10s
01/14/2023 20:54 | Banter_WinterSportResort | 0h 2m 3s
01/14/2023 21:14 | Banter_WinterSportResort | 0h 1m 31s
01/14/2023 21:18 | Banter_WinterSportResort | 0h 1m 33s
01/14/2023 21:22 | Banter_WinterSportResort | 0h 1m 28s
01/14/2023 22:55 | Banter_WinterSportResort | 0h 1m 34s
01/14/2023 23:14 | Banter_WinterSportResort | 0h 1m 44s
01/14/2023 23:17 | Banter_WinterSportResort | 0h 1m 42s
01/14/2023 23:57 | Banter_WinterSportResort | 0h 1m 39s
01/15/2023 00:05 | Banter_WinterSportResort | 0h 1m 37s
01/15/2023 00:46 | Banter_WinterSportResort | 0h 13m 52s
01/15/2023 10:13 | Banter_WinterSportResort | 0h 1m 35s
01/15/2023 10:19 | Banter_WinterSportResort | 0h 1m 36s
01/15/2023 10:40 | Banter_WinterSportResort | 0h 1m 35s
01/15/2023 11:08 | Banter_WinterSportResort | 0h 1m 42s
01/15/2023 12:00 | Banter_WinterSportResort | 0h 1m 36s
01/15/2023 12:16 | Banter_WinterSportResort | 0h 8m 25s
01/15/2023 13:48 | Banter_WinterSportResort | 0h 4m 34s
01/15/2023 16:31 | Banter_WinterSportResort | 0h 7m 39s
01/15/2023 17:05 | Banter_WinterSportResort | 0h 7m 22s
01/15/2023 18:02 | Banter_WinterSportResort | 0h 7m 21s
01/15/2023 18:55 | Banter_WinterSportResort | 0h 9m 28s
01/15/2023 18:58 | Banter_WinterSportResort | 0h 1m 40s
01/15/2023 20:19 | Banter_WinterSportResort | 0h 8m 38s
01/15/2023 20:55 | Banter_WinterSportResort | 0h 8m 15s
01/15/2023 21:11 | Banter_WinterSportResort | 0h 8m 11s
01/15/2023 22:10 | STACK | 0h 0m 16s
01/15/2023 22:11 | STACK | 0h 0m 55s
01/15/2023 22:34 | STACK | 0h 1m 13s
01/15/2023 22:35 | STACK | 0h 0m 18s
01/15/2023 22:38 | STACK | 0h 0m 19s
01/15/2023 22:49 | STACK | 0h 0m 18s
01/15/2023 22:50 | STACK | 0h 0m 18s
01/15/2023 23:30 | Outset_Island | 0h 2m 29s
01/15/2023 23:35 | Outset_Island | 0h 2m 27s
01/16/2023 20:59 | Banter_WinterSportResort | 0h 4m 32s
01/16/2023 23:50 | Banter_WinterSportResort | 0h 4m 24s
01/18/2023 19:18 | Outset_Island | 0h 1m 37s
01/18/2023 19:23 | Outset_Island | 0h 1m 56s
01/18/2023 19:33 | Outset_Island | 0h 5m 10s
01/18/2023 19:53 | Outset_Island | 0h 0m 22s
01/18/2023 19:58 | Outset_Island | 0h 0m 22s
01/18/2023 20:02 | Outset_Island | 0h 0m 23s
01/18/2023 20:03 | Outset_Island | 0h 0m 22s
01/18/2023 20:09 | Outset_Island | 0h 0m 15s
01/18/2023 20:11 | Outset_Island | 0h 0m 22s
01/18/2023 20:17 | Outset_Island | 0h 0m 39s
01/18/2023 20:19 | Outset_Island | 0h 0m 41s
01/18/2023 20:22 | Outset_Island | 0h 0m 41s
01/18/2023 20:50 | Outset_Island | 0h 2m 32s
01/18/2023 20:57 | Outset_Island | 0h 4m 30s
01/18/2023 23:02 | Outset_Island | 0h 0m 27s
01/18/2023 23:03 | Outset_Island | 0h 0m 27s
01/19/2023 21:01 | Outset_Island | 0h 0m 29s
01/19/2023 22:53 | Outset_Island | 0h 0m 30s
01/19/2023 22:59 | Outset_Island | 0h 0m 30s
01/19/2023 23:03 | Outset_Island | 0h 2m 35s
01/19/2023 23:22 | Outset_Island | 0h 0m 30s
01/19/2023 23:42 | Outset_Island | 0h 0m 30s
01/19/2023 23:44 | Outset_Island | 0h 0m 31s
01/19/2023 23:53 | Outset_Island | 0h 0m 30s
01/20/2023 00:02 | Outset_Island | 0h 0m 30s
01/20/2023 00:57 | Outset_Island | 0h 0m 30s
01/20/2023 00:59 | Outset_Island | 0h 0m 30s
01/20/2023 01:00 | Outset_Island | 0h 0m 30s
01/20/2023 01:01 | Outset_Island | 0h 0m 30s
01/20/2023 01:03 | Outset_Island | 0h 0m 32s
01/20/2023 01:10 | Outset_Island | 0h 3m 51s
01/21/2023 12:20 | Outset_Island | 0h 1m 30s
01/21/2023 18:09 | Outset_Island | 0h 1m 34s
01/22/2023 01:22 | Banter_WinterSportResort | 0h 2m 0s
01/22/2023 21:17 | Outset_Island | 0h 2m 15s
01/22/2023 21:29 | Outset_Island | 0h 2m 22s
01/22/2023 23:09 | Outset_Island | 0h 2m 15s
01/22/2023 23:12 | Outset_Island | 0h 2m 13s
01/23/2023 22:59 | Outset_Island | 0h 2m 33s
01/23/2023 23:06 | Outset_Island_Night | 0h 1m 22s
01/23/2023 23:11 | Outset_Island_Night | 0h 1m 18s
01/23/2023 23:15 | Outset_Island_Night | 0h 1m 25s
01/23/2023 23:48 | Outset_Island | 0h 2m 13s
01/24/2023 12:17 | RE4_VIllage | 0h 0m 11s
01/24/2023 12:19 | RE4_VIllage | 0h 0m 11s
01/24/2023 12:21 | RE4_VIllage | 0h 0m 8s
01/24/2023 12:24 | RE4_VIllage | 0h 0m 7s
01/24/2023 12:28 | RE4_VIllage | 0h 1m 8s
01/24/2023 12:33 | RE4_VIllage | 0h 1m 6s
01/24/2023 12:46 | RE4_VIllage | 0h 1m 6s
01/24/2023 12:51 | RE4_VIllage | 0h 1m 6s
01/24/2023 12:53 | RE4_VIllage | 0h 1m 6s
01/24/2023 12:55 | RE4_VIllage | 0h 1m 7s
01/24/2023 20:11 | Outset_Island | 0h 2m 15s
01/25/2023 22:40 | Outset_Island | 0h 2m 11s
01/25/2023 22:50 | Outset_Island | 0h 2m 16s
01/25/2023 23:31 | Outset_Island_Night | 0h 1m 15s
02/14/2023 17:04 | Maze | 0h 0m 14s
02/14/2023 17:23 | Maze | 0h 0m 52s
08/28/2023 12:35 | home-office-made-in-tilt-brush | 0h 0m 4s
08/28/2023 12:36 | home-office-made-in-tilt-brush | 0h 0m 3s
08/28/2023 12:37 | home-office-made-in-tilt-brush | 0h 0m 1s
08/28/2023 12:37 | home-office-made-in-tilt-brush | 0h 0m 4s
08/28/2023 12:37 | home-office-made-in-tilt-brush | 0h 0m 4s
08/28/2023 15:54 | Virtual Reality Meta Room | 0h 0m 6s
08/28/2023 15:59 | Virtual Reality Meta Room | 0h 0m 7s
08/28/2023 16:02 | Virtual Reality Meta Room | 0h 0m 6s
08/28/2023 16:04 | Virtual Reality Meta Room | 0h 0m 8s
08/28/2023 16:06 | Virtual Reality Meta Room | 0h 0m 8s
08/28/2023 16:07 | Virtual Reality Meta Room | 0h 0m 8s
08/28/2023 16:08 | Virtual Reality Meta Room | 0h 0m 8s
08/28/2023 16:10 | Virtual Reality Meta Room | 0h 0m 8s
08/28/2023 16:16 | Virtual Reality Meta Room | 0h 0m 8s
08/28/2023 16:26 | Virtual Reality Meta Room | 0h 0m 21s
08/28/2023 16:28 | Virtual Reality Meta Room | 0h 0m 20s
08/28/2023 16:34 | Virtual Reality Meta Room | 0h 0m 20s
08/28/2023 16:36 | Virtual Reality Meta Room | 0h 0m 20s
08/28/2023 16:42 | Virtual Reality Meta Room | 0h 0m 4s
08/28/2023 16:43 | Virtual Reality Meta Room | 0h 0m 21s
08/28/2023 16:45 | Virtual Reality Meta Room | 0h 0m 7s
08/28/2023 16:47 | Virtual Reality Meta Room | 0h 0m 10s
08/28/2023 16:48 | Virtual Reality Meta Room | 0h 0m 10s
08/28/2023 16:49 | Virtual Reality Meta Room | 0h 0m 11s
08/28/2023 16:52 | Virtual Reality Meta Room | 0h 0m 12s
08/28/2023 16:53 | Virtual Reality Meta Room | 0h 0m 11s
08/28/2023 16:55 | Virtual Reality Meta Room | 0h 0m 12s
08/28/2023 16:56 | Virtual Reality Meta Room | 0h 0m 12s
08/28/2023 16:57 | Virtual Reality Meta Room | 0h 0m 11s
08/28/2023 16:57 | Virtual Reality Meta Room | 0h 0m 3s
08/28/2023 16:57 | Virtual Reality Meta Room | 0h 0m 10s
08/28/2023 16:58 | Virtual Reality Meta Room | 0h 0m 9s
08/28/2023 16:58 | Virtual Reality Meta Room | 0h 0m 9s
08/28/2023 17:00 | Virtual Reality Meta Room | 0h 0m 10s
08/28/2023 17:01 | Virtual Reality Meta Room | 0h 0m 10s
08/28/2023 17:03 | Virtual Reality Meta Room | 0h 0m 10s
08/28/2023 17:05 | Virtual Reality Meta Room | 0h 0m 9s
08/28/2023 17:06 | Virtual Reality Meta Room | 0h 0m 9s
08/28/2023 17:11 | Virtual Reality Meta Room | 0h 0m 9s
08/29/2023 18:37 | GothParty | 0h 0m 3s
08/29/2023 18:40 | GothParty | 0h 0m 3s
08/29/2023 18:40 | GothParty | 0h 0m 3s
08/29/2023 18:43 | GothParty | 0h 0m 3s
08/29/2023 18:45 | GothParty | 0h 0m 3s
08/29/2023 18:45 | GothParty | 0h 0m 3s
08/29/2023 18:46 | GothParty | 0h 0m 3s
08/29/2023 18:47 | GothParty | 0h 0m 3s
08/29/2023 18:47 | GothParty | 0h 0m 3s
08/29/2023 18:54 | GothParty | 0h 0m 4s
08/29/2023 19:11 | GothParty | 0h 0m 10s
08/29/2023 19:11 | GothParty | 0h 0m 10s
08/29/2023 19:12 | GothParty | 0h 0m 10s
08/29/2023 19:13 | GothParty | 0h 0m 10s
08/29/2023 19:16 | GothParty | 0h 0m 11s
08/29/2023 19:17 | GothParty | 0h 0m 10s
08/29/2023 19:18 | GothParty | 0h 0m 10s
08/29/2023 19:19 | GothParty | 0h 0m 10s
08/29/2023 19:20 | GothParty | 0h 0m 10s
08/29/2023 20:03 | GothParty | 0h 0m 9s
08/29/2023 20:04 | GothParty | 0h 0m 17s
08/29/2023 20:33 | GothParty | 0h 0m 29s
08/29/2023 21:05 | GothParty | 0h 0m 32s
08/29/2023 21:18 | GothParty | 0h 0m 32s
08/29/2023 21:25 | GothParty | 0h 0m 34s
08/29/2023 21:28 | GothParty | 0h 0m 36s
08/30/2023 13:47 | GothParty | 0h 0m 26s
08/30/2023 13:48 | GothParty | 0h 0m 25s
08/30/2023 13:49 | GothParty | 0h 0m 44s
08/30/2023 15:00 | GothParty | 0h 0m 37s
08/30/2023 15:01 | GothParty | 0h 0m 32s
08/30/2023 15:04 | GothParty | 0h 0m 33s
08/30/2023 15:06 | GothParty | 0h 0m 32s
08/30/2023 15:22 | GothParty | 0h 0m 31s
08/30/2023 15:28 | GothParty | 0h 0m 30s
08/30/2023 15:30 | GothParty | 0h 0m 31s
08/30/2023 18:13 | GothParty | 0h 0m 39s
08/30/2023 18:36 | GothParty | 0h 0m 38s
08/30/2023 18:39 | GothParty | 0h 0m 38s
08/30/2023 18:40 | GothParty | 0h 0m 25s
08/30/2023 18:42 | GothParty | 0h 0m 25s
08/30/2023 21:18 | GothParty | 0h 0m 29s
08/30/2023 21:20 | GothParty | 0h 0m 29s
08/30/2023 21:33 | GothParty | 0h 0m 28s
08/30/2023 21:36 | GothParty | 0h 0m 29s
08/30/2023 21:38 | GothParty | 0h 0m 28s
08/30/2023 21:39 | GothParty | 0h 0m 28s
08/30/2023 21:55 | GothParty | 0h 0m 26s
08/30/2023 22:47 | GothParty | 0h 0m 25s
08/30/2023 22:53 | GothParty | 0h 0m 30s
08/30/2023 22:57 | GothParty | 0h 0m 30s
08/30/2023 23:35 | GothParty | 0h 0m 30s
08/31/2023 00:39 | GothParty | 0h 0m 38s
08/31/2023 00:42 | GothParty | 0h 0m 35s
08/31/2023 00:45 | GothParty | 0h 0m 35s
08/31/2023 10:38 | GothParty | 0h 0m 34s
08/31/2023 10:39 | GothParty | 0h 0m 35s
08/31/2023 11:38 | GothParty | 0h 0m 34s
08/31/2023 11:48 | GothParty | 0h 0m 36s
08/31/2023 11:51 | GothParty | 0h 0m 38s
08/31/2023 12:09 | GothParty | 0h 0m 38s
08/31/2023 12:27 | GothParty | 0h 0m 38s
08/31/2023 12:29 | GothParty | 0h 0m 38s
08/31/2023 12:38 | GothParty | 0h 0m 44s
08/31/2023 12:52 | GothParty | 0h 0m 48s
08/31/2023 12:56 | GothParty | 0h 0m 47s
08/31/2023 12:58 | GothParty | 0h 0m 50s
08/31/2023 13:00 | GothParty | 0h 0m 50s
08/31/2023 13:06 | GothParty | 0h 0m 51s
08/31/2023 13:14 | GothParty | 0h 0m 44s
08/31/2023 14:08 | GothParty | 0h 0m 44s
09/05/2023 10:21 | CaveScan | 0h 0m 6s
09/05/2023 10:22 | CaveScan | 0h 0m 9s
09/05/2023 10:23 | CaveScan | 0h 0m 9s
09/05/2023 10:42 | WhaleSurfing | 0h 0m 5s
09/05/2023 10:42 | WhaleSurfing | 0h 0m 5s
09/05/2023 10:43 | WhaleSurfing | 0h 0m 6s
09/05/2023 10:45 | WhaleSurfing | 0h 0m 6s
09/05/2023 11:35 | CaveScan | 0h 0m 10s
09/06/2023 12:08 | Zeppelin | 0h 0m 25s
09/06/2023 12:22 | Zeppelin | 0h 0m 21s
09/06/2023 14:06 | Zeppelin | 0h 0m 20s
09/06/2023 14:12 | Zeppelin | 0h 0m 19s
09/06/2023 14:30 | Zeppelin | 0h 0m 15s
09/09/2023 19:23 | Studio_01 | 0h 0m 10s
09/09/2023 19:23 | Studio_01 | 0h 0m 9s
09/13/2023 12:45 | Zeppelin | 0h 0m 17s
09/13/2023 12:46 | Zeppelin | 0h 0m 16s
09/13/2023 12:48 | Zeppelin | 0h 0m 10s
09/13/2023 12:49 | Zeppelin | 0h 0m 10s
09/13/2023 12:53 | Zeppelin | 0h 0m 13s
09/13/2023 12:53 | Zeppelin | 0h 0m 15s
09/13/2023 13:00 | Zeppelin | 0h 0m 18s
09/13/2023 13:01 | Zeppelin | 0h 0m 34s
09/13/2023 13:03 | Zeppelin | 0h 0m 35s
09/13/2023 13:06 | Zeppelin | 0h 0m 19s
09/13/2023 15:00 | Zeppelin | 0h 0m 18s
09/13/2023 15:03 | Zeppelin | 0h 0m 20s
09/13/2023 15:09 | Zeppelin | 0h 0m 19s
09/13/2023 15:12 | Zeppelin | 0h 0m 19s
09/13/2023 15:18 | Zeppelin | 0h 2m 54s
09/13/2023 15:23 | Zeppelin | 0h 2m 39s
09/13/2023 15:33 | Zeppelin | 0h 0m 33s
09/13/2023 15:38 | Zeppelin | 0h 0m 33s
09/13/2023 16:04 | Zeppelin | 0h 0m 30s
09/13/2023 16:17 | Zeppelin | 0h 0m 32s
09/13/2023 16:26 | Zeppelin | 0h 0m 38s
09/13/2023 19:36 | Zeppelin | 0h 0m 30s
09/13/2023 20:37 | Zeppelin | 0h 0m 31s
09/13/2023 21:08 | Zeppelin | 0h 0m 30s
09/13/2023 21:39 | Zeppelin | 0h 0m 31s
09/14/2023 13:10 | Zeppelin | 0h 0m 33s
09/14/2023 13:16 | Zeppelin | 0h 0m 34s
09/14/2023 13:20 | Zeppelin | 0h 0m 33s
09/14/2023 13:30 | Zeppelin | 0h 0m 30s
09/14/2023 14:14 | Zeppelin | 0h 0m 33s
09/18/2023 20:56 | Studio_01 | 0h 0m 9s
09/18/2023 20:56 | Studio_01 | 0h 0m 8s
09/19/2023 14:18 | Island | 0h 1m 16s
09/19/2023 14:24 | Island | 0h 0m 45s
09/19/2023 16:39 | Island | 0h 0m 47s
09/19/2023 17:15 | Island | 0h 0m 49s
09/19/2023 17:18 | Island | 0h 0m 47s
09/20/2023 19:20 | Island | 0h 0m 49s
09/20/2023 19:28 | Island | 0h 1m 13s
10/01/2023 09:46 | BakeryTest | 0h 0m 3s
10/01/2023 09:49 | Scan | 0h 0m 12s
10/01/2023 09:53 | Scan | 0h 0m 9s
10/01/2023 09:54 | Scan | 0h 0m 9s
10/01/2023 09:55 | Scan | 0h 0m 3s
10/01/2023 09:57 | Scan | 0h 0m 9s
10/01/2023 09:59 | Scan | 0h 0m 9s
10/01/2023 09:59 | Scan | 0h 0m 3s
10/01/2023 10:00 | Scan | 0h 0m 8s
10/01/2023 10:18 | Scan | 0h 0m 15s
10/01/2023 10:25 | Scan | 0h 0m 10s
10/01/2023 10:43 | Scan | 0h 0m 11s
10/01/2023 10:47 | Scan | 0h 0m 10s
10/01/2023 10:47 | Scan | 0h 0m 10s
10/01/2023 16:31 | VOX | 0h 1m 12s
10/01/2023 16:34 | VOX | 0h 1m 11s
10/01/2023 18:32 | VOX | 0h 1m 17s
10/01/2023 18:35 | VOX | 0h 1m 13s
10/12/2023 10:47 | VOX | 0h 1m 12s
10/12/2023 10:49 | VOX | 0h 1m 13s
10/12/2023 10:52 | VOX | 0h 1m 10s
10/12/2023 13:13 | VOX | 0h 1m 9s
10/15/2023 12:40 | GothParty | 0h 0m 35s
10/15/2023 12:44 | GothParty | 0h 0m 36s
10/15/2023 12:46 | GothParty | 0h 0m 38s
10/16/2023 11:40 | VOX | 0h 1m 24s
10/16/2023 11:45 | VOX | 0h 1m 22s
10/16/2023 12:14 | VOX | 0h 1m 16s
10/16/2023 12:17 | VOX | 0h 1m 17s
10/16/2023 12:32 | VOX | 0h 1m 17s
10/16/2023 12:35 | VOX | 0h 1m 17s
10/16/2023 12:41 | VOX | 0h 1m 23s
10/23/2023 11:03 | VOX | 0h 1m 13s
10/23/2023 11:05 | VOX | 0h 1m 11s
10/23/2023 11:16 | VOX | 0h 1m 15s
10/26/2023 15:44 | VOX | 0h 1m 15s
10/31/2023 12:18 | Studio_04 | 0h 0m 10s
10/31/2023 12:19 | Studio_04 | 0h 0m 9s
10/31/2023 12:23 | Studio_04 | 0h 0m 6s
10/31/2023 12:54 | Studio_04 | 0h 0m 7s
10/31/2023 12:57 | Studio_04 | 0h 0m 7s
10/31/2023 12:58 | Studio_04 | 0h 0m 7s
10/31/2023 13:00 | Studio_04 | 0h 0m 7s
10/31/2023 13:04 | Studio_04 | 0h 0m 7s
10/31/2023 13:18 | Studio_04 | 0h 0m 11s
10/31/2023 13:21 | Studio_04 | 0h 0m 10s
10/31/2023 13:22 | Studio_04 | 0h 0m 10s
10/31/2023 14:12 | Studio_04 | 0h 0m 10s
10/31/2023 14:13 | Studio_04 | 0h 0m 10s
10/31/2023 14:41 | Studio_04 | 0h 0m 12s
10/31/2023 14:48 | Studio_04 | 0h 0m 12s
10/31/2023 14:59 | Studio_03 | 0h 0m 5s
10/31/2023 15:01 | Studio_03 | 0h 0m 5s
10/31/2023 15:03 | Studio_03 | 0h 0m 5s
10/31/2023 15:04 | Studio_03 | 0h 0m 5s
10/31/2023 15:13 | Studio_03 | 0h 0m 5s
10/31/2023 15:22 | Studio_03 | 0h 0m 6s
10/31/2023 15:24 | Studio_03 | 0h 0m 7s
10/31/2023 15:28 | Studio_03 | 0h 0m 9s
10/31/2023 15:31 | Studio_03 | 0h 0m 15s
10/31/2023 15:32 | Studio_03 | 0h 0m 15s
10/31/2023 15:35 | Studio_03 | 0h 1m 22s
10/31/2023 15:39 | Studio_03 | 0h 1m 25s
10/31/2023 15:49 | Studio_03 | 0h 1m 26s
10/31/2023 15:53 | Studio_03 | 0h 1m 22s
10/31/2023 16:00 | Studio_03 | 0h 1m 23s
10/31/2023 16:33 | Studio_04 | 0h 0m 14s
10/31/2023 17:10 | Studio_01 | 0h 0m 4s
10/31/2023 17:13 | Studio_01 | 0h 0m 4s
10/31/2023 17:29 | Studio_01 | 0h 0m 4s
10/31/2023 17:34 | Studio_01 | 0h 0m 4s
10/31/2023 17:36 | Studio_01 | 0h 0m 4s
10/31/2023 17:38 | Studio_01 | 0h 0m 4s
10/31/2023 17:39 | Studio_01 | 0h 0m 4s
10/31/2023 17:40 | Studio_01 | 0h 0m 4s
10/31/2023 17:40 | Studio_01 | 0h 0m 4s
10/31/2023 17:41 | Studio_01 | 0h 0m 4s
10/31/2023 17:42 | Studio_01 | 0h 0m 4s
10/31/2023 17:47 | Studio_01 | 0h 0m 7s
10/31/2023 19:17 | Studio_04 | 0h 0m 12s
10/31/2023 19:28 | Studio_03 | 0h 0m 59s
10/31/2023 19:29 | Studio_03 | 0h 0m 58s
10/31/2023 19:32 | Studio_01 | 0h 0m 5s
10/31/2023 19:43 | Studio_02 | 0h 0m 10s
10/31/2023 19:44 | Studio_02 | 0h 0m 9s
10/31/2023 19:53 | Studio_02 | 0h 0m 10s
10/31/2023 20:04 | Studio_02 | 0h 0m 9s
10/31/2023 20:07 | Studio_02 | 0h 0m 10s
10/31/2023 20:57 | Studio_01 | 0h 0m 5s
10/31/2023 21:19 | Studio_03 | 0h 1m 28s
10/31/2023 21:50 | Studio_04 | 0h 0m 15s
10/31/2023 23:39 | Studio_02 | 0h 0m 13s
11/01/2023 00:27 | Studio_03 | 0h 45m 58s
11/02/2023 14:17 | Studio_03 | 0h 2m 1s
11/02/2023 14:49 | Studio_03 | 0h 3m 58s
11.03.2023 11:29 | Island | 0h 0m 56s
11.03.2023 11:32 | Island | 0h 0m 16s
11.03.2023 11:44 | Island | 0h 0m 43s
11.03.2023 11:50 | Island | 0h 0m 42s
11.03.2023 11:55 | Island | 0h 0m 8s
11.03.2023 20:29 | Island | 0h 0m 12s
11.04.2023 23:28 | Island | 0h 0m 12s
11.05.2023 20:37 | Island | 0h 0m 16s
11.05.2023 20:41 | Island | 0h 0m 15s
11.05.2023 20:44 | Island | 0h 0m 13s
11.05.2023 20:47 | Island | 0h 0m 14s
11.05.2023 20:49 | Island | 0h 0m 14s
11.09.2023 23:08 | Island | 0h 0m 16s
11.09.2023 23:12 | Island | 0h 0m 14s
11.09.2023 23:14 | Island | 0h 0m 15s
11.09.2023 23:16 | Island | 0h 0m 15s
11.09.2023 23:19 | Island | 0h 0m 14s
11.09.2023 23:36 | Island | 0h 0m 14s
11.18.2023 20:46 | Island | 0h 0m 14s
11.18.2023 20:52 | Island | 0h 0m 14s
11.18.2023 20:54 | Island | 0h 0m 14s
11.18.2023 20:56 | Island | 0h 0m 15s
11.18.2023 22:33 | Island | 0h 0m 15s
11.18.2023 22:52 | Island | 0h 0m 15s
11.19.2023 18:58 | DevSpace | 0h 2m 45s
11.19.2023 19:06 | DevSpace | 0h 2m 21s
11.20.2023 23:32 | Island | 0h 0m 23s
11.23.2023 17:28 | Island | 0h 0m 10s
11.23.2023 17:29 | Island | 0h 0m 13s
11.23.2023 17:36 | Island | 0h 0m 14s
11.23.2023 17:42 | Island | 0h 0m 14s
11.23.2023 17:43 | Island | 0h 0m 14s
11.23.2023 17:47 | Island | 0h 0m 15s
11.23.2023 17:49 | Island | 0h 0m 15s
11.23.2023 17:55 | Island | 0h 0m 21s
11.23.2023 18:10 | Island | 0h 0m 18s
11.23.2023 18:11 | Island | 0h 0m 19s
11.23.2023 18:12 | Island | 0h 0m 19s
11.23.2023 18:42 | Island | 0h 0m 18s
11.23.2023 20:20 | Island | 0h 0m 18s
11.23.2023 20:21 | Island | 0h 0m 18s
11.23.2023 20:22 | Island | 0h 0m 18s
11.23.2023 22:01 | Island | 0h 0m 19s
11.23.2023 22:05 | Island | 0h 0m 22s
11.23.2023 22:09 | Island | 0h 0m 20s
11.23.2023 22:21 | Island | 0h 0m 22s
11.23.2023 22:31 | Island | 0h 0m 19s
11.23.2023 22:34 | Island | 0h 0m 19s
11.23.2023 22:35 | Island | 0h 0m 19s
11.23.2023 22:36 | Island | 0h 0m 21s
11.24.2023 00:07 | Island | 0h 0m 19s
11.24.2023 00:16 | Island | 0h 0m 20s
11.24.2023 00:21 | Island | 0h 0m 22s
11.24.2023 01:46 | Island | 0h 0m 23s
11.24.2023 02:09 | Island | 0h 0m 14s
11.26.2023 14:21 | DevSpace_Prototype | 0h 0m 47s
11.26.2023 15:18 | DevSpace_Prototype | 0h 0m 8s
11.26.2023 15:22 | DevSpace_Prototype | 0h 0m 30s
11.26.2023 15:30 | DevSpace_Prototype | 0h 0m 33s
11.26.2023 15:33 | DevSpace_Prototype | 0h 0m 33s
11.26.2023 15:37 | DevSpace_Prototype | 0h 0m 33s
11.26.2023 15:51 | DevSpace_Prototype | 0h 0m 32s
11.26.2023 19:15 | DevSpace_Prototype | 0h 0m 11s
11.28.2023 23:16 | Island | 0h 0m 14s
11.28.2023 23:36 | Island | 0h 0m 12s
11.28.2023 23:53 | Island | 0h 0m 13s
11.29.2023 15:36 | Island | 0h 0m 14s
11.29.2023 15:47 | Island | 0h 0m 14s
11.29.2023 15:48 | Island | 0h 0m 13s
11.29.2023 15:53 | Island | 0h 0m 13s
11.29.2023 15:53 | Island | 0h 0m 12s
11.29.2023 15:55 | Island | 0h 0m 36s
11.29.2023 15:57 | Island | 0h 0m 35s
11.29.2023 16:04 | Island | 0h 0m 36s
11.29.2023 16:07 | Island | 0h 0m 12s
11.29.2023 16:55 | Island | 0h 0m 15s
11.29.2023 16:58 | Island | 0h 0m 14s
11.29.2023 17:00 | Island | 0h 0m 15s
11.29.2023 17:00 | Island | 0h 0m 15s
11.30.2023 19:11 | Island | 0h 0m 15s
11.30.2023 20:23 | Island | 0h 0m 15s
11.30.2023 20:27 | Island | 0h 0m 28s
11.30.2023 20:31 | Island | 0h 0m 28s
11.30.2023 21:12 | Island | 0h 0m 29s
11.30.2023 21:15 | Island | 0h 0m 29s
11.30.2023 21:18 | Island | 0h 0m 29s
11.30.2023 21:21 | Island | 0h 0m 32s
11.30.2023 21:23 | Island | 0h 0m 32s
11.30.2023 21:24 | Island | 0h 0m 32s
11.30.2023 21:29 | Island | 0h 0m 32s
11.30.2023 21:30 | Island | 0h 0m 31s
11.30.2023 21:34 | Island | 0h 0m 32s
11.30.2023 22:04 | Island | 0h 0m 33s
11.30.2023 22:45 | Island | 0h 0m 35s
11.30.2023 22:47 | Island | 0h 0m 30s
11.30.2023 22:50 | Island | 0h 0m 32s
11.30.2023 23:16 | Island | 0h 0m 31s
12.01.2023 20:43 | Island | 0h 0m 30s
12.01.2023 21:48 | Island | 0h 0m 51s
12.01.2023 21:51 | Island | 0h 0m 45s
12.01.2023 21:53 | Island | 0h 0m 45s
12.01.2023 22:02 | Island | 0h 0m 46s
12.01.2023 22:07 | Island | 0h 0m 45s
12.01.2023 22:20 | Island | 0h 0m 45s
12.01.2023 22:22 | Island | 0h 1m 4s
12.01.2023 22:27 | Island | 0h 1m 4s
12.01.2023 22:32 | Island | 0h 1m 18s
12.01.2023 22:35 | Island | 0h 1m 18s
12.01.2023 23:08 | Island | 0h 1m 22s
12.01.2023 23:11 | Island | 0h 1m 10s
12.01.2023 23:13 | Island | 0h 1m 10s
12.01.2023 23:16 | Island | 0h 0m 53s
12.01.2023 23:20 | Island | 0h 0m 52s
12.01.2023 23:43 | Island | 0h 0m 52s
12.01.2023 23:46 | Island | 0h 0m 27s
12.01.2023 23:50 | Island | 0h 0m 26s
12.01.2023 23:52 | Island | 0h 0m 28s
12.01.2023 23:55 | Island | 0h 0m 26s
12.01.2023 23:55 | Island | 0h 0m 26s
12.01.2023 23:56 | Island | 0h 0m 25s
12.02.2023 00:00 | Island | 0h 0m 11s
12.02.2023 00:01 | Island | 0h 0m 25s
12.02.2023 00:02 | Island | 0h 0m 18s
12.02.2023 00:03 | Island | 0h 0m 27s
12.02.2023 00:07 | Island | 0h 0m 27s
12.02.2023 00:15 | Island | 0h 0m 28s
12.02.2023 00:24 | Island | 0h 0m 28s
12.02.2023 00:29 | Island | 0h 0m 28s
12.02.2023 00:32 | Island | 0h 0m 29s
12.02.2023 00:37 | Island | 0h 0m 29s
12.02.2023 00:39 | Island | 0h 0m 24s
12.02.2023 00:41 | Island | 0h 0m 23s
12.02.2023 00:42 | Island | 0h 0m 23s
12.02.2023 00:43 | Island | 0h 0m 24s
12.02.2023 00:47 | Island | 0h 0m 29s
12.02.2023 00:50 | Island | 0h 0m 27s
12.02.2023 00:51 | Island | 0h 0m 26s
12.02.2023 00:53 | Island | 0h 0m 26s
12.02.2023 00:54 | Island | 0h 0m 26s
12.02.2023 12:40 | Island | 0h 0m 26s
12.02.2023 13:06 | Island | 0h 0m 26s
12.02.2023 13:07 | Island | 0h 0m 26s
12.02.2023 13:11 | Island | 0h 0m 26s
12.02.2023 13:13 | Island | 0h 0m 34s
12.02.2023 13:15 | Island | 0h 0m 35s
12.02.2023 13:30 | Island | 0h 0m 36s
12.02.2023 13:49 | Island | 0h 0m 37s
12.02.2023 13:51 | Island | 0h 0m 34s
12.02.2023 14:04 | Island | 0h 0m 35s
12.02.2023 14:11 | Island | 0h 0m 36s
12.02.2023 14:30 | Island | 0h 0m 36s
12.02.2023 15:00 | Island | 0h 0m 36s
12.02.2023 15:04 | Island | 0h 0m 35s
12.02.2023 15:08 | Island | 0h 0m 34s
12.02.2023 15:25 | Island | 0h 0m 36s
12.02.2023 16:00 | Island | 0h 0m 39s
12.02.2023 16:03 | Island | 0h 0m 39s
12.02.2023 16:08 | Island | 0h 0m 41s
12.02.2023 16:11 | Island | 0h 0m 41s
12.02.2023 21:24 | Island | 0h 1m 8s
12.02.2023 21:28 | Island | 0h 0m 59s
12.03.2023 00:41 | Island | 0h 0m 59s
12.03.2023 00:43 | Island | 0h 0m 58s
12.03.2023 12:28 | Island | 0h 0m 55s
12.03.2023 12:33 | Island | 0h 0m 54s
12.03.2023 12:35 | Island | 0h 0m 53s
12.03.2023 13:02 | Island | 0h 0m 55s
12.03.2023 13:11 | Island | 0h 0m 55s
12.03.2023 13:23 | Island | 0h 0m 55s
12.03.2023 13:27 | Island | 0h 0m 54s
12.03.2023 13:53 | Island | 0h 0m 55s
12.03.2023 14:06 | Island | 0h 0m 55s
12.03.2023 14:18 | Island | 0h 0m 55s
12.03.2023 14:22 | Island | 0h 0m 55s
12.03.2023 14:29 | Island | 0h 0m 45s
12.03.2023 15:25 | Island | 0h 0m 51s
12.03.2023 16:07 | Island | 0h 0m 52s
12.03.2023 16:09 | Island | 0h 0m 50s
12.03.2023 16:16 | Island | 0h 0m 54s
12.03.2023 16:18 | Island | 0h 0m 51s
12.03.2023 16:19 | Island | 0h 0m 52s
12.03.2023 16:21 | Island | 0h 0m 50s
12.03.2023 16:24 | Island | 0h 0m 53s
12.03.2023 16:41 | Island | 0h 0m 52s
12.03.2023 16:42 | Island | 0h 0m 52s
12.03.2023 16:50 | Island | 0h 0m 53s
12.03.2023 16:55 | Island | 0h 2m 13s
12.03.2023 17:44 | Island | 0h 2m 29s
12.03.2023 19:42 | Island | 0h 2m 35s
12.04.2023 14:46 | Island | 0h 2m 15s
12.04.2023 15:00 | Island | 0h 2m 9s
12.04.2023 15:08 | Island | 0h 1m 53s
12.04.2023 21:22 | Island | 0h 0m 38s
12.04.2023 21:23 | Island | 0h 0m 34s
12.04.2023 21:25 | Island | 0h 0m 36s
12.04.2023 21:26 | Island | 0h 0m 36s
12.04.2023 21:33 | Island | 0h 0m 37s
12.04.2023 22:05 | Island | 0h 0m 39s
12.04.2023 22:08 | Island | 0h 0m 39s
12.04.2023 23:56 | Island | 0h 0m 36s
12.04.2023 23:57 | Island | 0h 0m 31s
12.05.2023 00:00 | Island | 0h 1m 14s
12.05.2023 11:39 | Island | 0h 1m 18s
12.05.2023 11:57 | Island | 0h 1m 18s
12.05.2023 19:37 | Island | 0h 1m 9s
12.05.2023 19:41 | Island | 0h 1m 5s
12.05.2023 22:19 | Island | 0h 1m 21s
12.05.2023 22:25 | Island | 0h 0m 17s
12.05.2023 22:28 | Island | 0h 1m 20s
12.05.2023 22:33 | Island | 0h 1m 20s
12.05.2023 22:36 | Island | 0h 1m 19s
12.06.2023 17:53 | DevSpace_Prototype | 0h 0m 13s
12.06.2023 17:55 | DevSpace_Prototype | 0h 0m 13s
12.06.2023 18:00 | DevSpace_Prototype | 0h 0m 12s
12.06.2023 18:01 | DevSpace_Prototype | 0h 0m 12s
12.06.2023 18:19 | DevSpace_Prototype | 0h 0m 12s
12.06.2023 18:32 | DevSpace_Prototype | 0h 0m 12s
12.06.2023 18:34 | DevSpace_Prototype | 0h 0m 11s
12.06.2023 18:34 | DevSpace_Prototype | 0h 0m 11s
12.06.2023 18:39 | DevSpace_Prototype | 0h 0m 11s
12.06.2023 18:40 | DevSpace_Prototype | 0h 0m 13s
12.06.2023 18:41 | DevSpace_Prototype | 0h 0m 11s
12.06.2023 19:57 | Island | 0h 8m 57s
12.07.2023 14:31 | Island | 0h 9m 50s
12.08.2023 16:39 | Island2 | 0h 18m 11s
12.08.2023 16:43 | Island2 | 0h 0m 53s
12.10.2023 11:52 | Island2 | 0h 0m 47s
12.10.2023 11:55 | Island2 | 0h 0m 48s
12.10.2023 12:00 | Island2 | 0h 1m 1s
12.10.2023 12:11 | Island2 | 0h 1m 1s
12.10.2023 22:28 | Island2 | 0h 0m 58s
12.10.2023 22:30 | Island2 | 0h 1m 1s
12.13.2023 17:26 | Island2 | 0h 1m 8s
12.14.2023 17:39 | Island2 | 0h 0m 59s
12.14.2023 17:44 | Island2 | 0h 0m 56s
12.14.2023 17:48 | Island2 | 0h 0m 57s
12.14.2023 17:50 | Island2 | 0h 0m 57s
12.14.2023 17:57 | Island2 | 0h 1m 1s
12.14.2023 17:59 | Island2 | 0h 0m 17s
12.14.2023 18:02 | Island2 | 0h 1m 2s
12.14.2023 18:06 | Island2 | 0h 1m 4s
12.14.2023 18:08 | Island2 | 0h 1m 0s
12.14.2023 18:10 | Island2 | 0h 1m 2s
12.14.2023 18:14 | Island2 | 0h 1m 0s
12.14.2023 18:16 | Island2 | 0h 1m 2s
12.14.2023 18:19 | Island2 | 0h 1m 3s
12.14.2023 18:32 | Island2 | 0h 0m 42s
12.14.2023 18:37 | Island2 | 0h 0m 55s
12.14.2023 18:39 | Island2 | 0h 0m 14s
12.14.2023 18:41 | Island2 | 0h 0m 57s
12.14.2023 19:24 | Island2 | 0h 0m 59s
12.14.2023 19:28 | Island2 | 0h 1m 1s
12.14.2023 19:32 | Island2 | 0h 1m 0s
12.14.2023 19:36 | Island2 | 0h 1m 1s
12.14.2023 19:39 | Island2 | 0h 1m 0s
12.14.2023 19:56 | Island2 | 0h 0m 55s
12.14.2023 19:58 | Island2 | 0h 0m 56s
12.19.2023 17:47 | DevSpace_Prototype | 0h 0m 14s
12.19.2023 17:53 | SingelObjectBaking | 0h 0m 6s
12.23.2023 14:28 | Lobby | 0h 0m 4s
12.23.2023 14:32 | Lobby | 0h 0m 3s
12.23.2023 15:11 | Lobby | 0h 0m 6s
12.23.2023 16:45 | Lobby | 0h 0m 12s
12.23.2023 16:53 | Lobby | 0h 0m 9s
12.23.2023 17:19 | Lobby | 0h 0m 8s
12.23.2023 21:28 | Lobby | 0h 0m 4s
01.01.2024 12:18 | DevSpace_Bantathon | 0h 0m 22s
01.01.2024 13:07 | DevSpace_Bantathon | 0h 0m 14s
01.01.2024 13:13 | DevSpace_Bantathon | 0h 0m 15s
01.01.2024 15:13 | DevSpace_Bantathon | 0h 0m 16s
01.01.2024 16:51 | DevSpace_Bantathon | 0h 0m 13s
01.03.2024 15:08 | DevSpace_Prototype | 0h 0m 22s
01.07.2024 15:37 | DevSpace_Bantathon | 0h 0m 12s
01.07.2024 15:51 | DevSpace_Bantathon | 0h 0m 13s
01.07.2024 19:39 | DevSpace_Bantathon | 0h 0m 12s
01.07.2024 19:41 | DevSpace_Bantathon | 0h 0m 17s
01.09.2024 12:29 | DevSpace_PrototypeTesting | 0h 0m 13s
01.09.2024 12:29 | DevSpace_PrototypeTesting | 0h 0m 14s
01.09.2024 12:31 | DevSpace_PrototypeTesting | 0h 0m 10s
01.11.2024 12:50 | Lobby1 | 0h 0m 9s
01.11.2024 12:57 | Lobby1 | 0h 0m 9s
01.11.2024 12:59 | Lobby1 | 0h 0m 8s
01.11.2024 13:00 | Lobby1 | 0h 0m 8s
01.11.2024 13:01 | Lobby1 | 0h 0m 9s
01.11.2024 13:04 | Lobby1 | 0h 0m 11s
01.11.2024 13:11 | Lobby1 | 0h 0m 5s
01.11.2024 13:35 | Lobby1 | 0h 0m 9s
01.11.2024 13:36 | Lobby1 | 0h 0m 9s
01.11.2024 13:41 | Lobby1 | 0h 0m 10s
01.11.2024 13:45 | Lobby1 | 0h 0m 9s
01.11.2024 13:48 | Lobby1 | 0h 0m 9s
01.11.2024 13:49 | Lobby | 0h 0m 10s
01.12.2024 21:02 | Lobby | 0h 0m 12s
01.12.2024 21:09 | Lobby | 0h 0m 11s
01.12.2024 21:16 | Lobby | 0h 0m 10s
01.12.2024 21:28 | Lobby | 0h 0m 10s
01.13.2024 00:48 | Lobby | 0h 0m 5s
01.16.2024 23:56 | ArchVizPRO_Interior_Vol.2_Banter | 0h 0m 18s
01.16.2024 23:58 | ArchVizPRO_Interior_Vol.2_Banter | 0h 0m 19s
01.17.2024 00:00 | ArchVizPRO_Interior_Vol.2_Banter | 0h 0m 19s
01.17.2024 00:02 | ArchVizPRO_Interior_Vol.2_Banter | 0h 0m 20s
01.17.2024 10:04 | ArchVizPRO_Interior_Vol.2_Banter | 0h 0m 18s
01.17.2024 10:16 | ArchVizPRO_Interior_Vol.2_Banter | 0h 0m 15s
01.17.2024 10:17 | ArchVizPRO_Interior_Vol.2_Banter | 0h 0m 13s
01.17.2024 10:45 | ArchVizPRO_Interior_Vol.2_Banter | 0h 0m 20s
01.17.2024 10:49 | ArchVizPRO_Interior_Vol.2_Banter | 0h 0m 18s
01.17.2024 10:53 | ArchVizPRO_Interior_Vol.2_Banter | 0h 0m 19s
01.17.2024 11:02 | ArchVizPRO_Interior_Vol.2_Banter | 0h 0m 18s
01.17.2024 11:04 | ArchVizPRO_Interior_Vol.2_Banter | 0h 0m 18s
01.17.2024 12:30 | ArchVizPRO_Interior_Vol.2_Banter | 0h 0m 16s
01.17.2024 12:34 | ArchVizPRO_Interior_Vol.2_Banter | 0h 0m 17s
01.17.2024 13:09 | ArchVizPRO_Interior_Vol.2_Banter | 0h 0m 18s
01.17.2024 13:43 | ArchVizPRO_Interior_Vol.2_Banter | 0h 0m 26s
01.17.2024 14:17 | ArchVizPRO_Interior_Vol.2_Banter | 0h 0m 24s
01.17.2024 14:47 | ArchVizPRO_Interior_Vol.2_Banter | 0h 0m 23s
01.17.2024 15:06 | ArchVizPRO_Interior_Vol.2_Banter | 0h 0m 24s
01.17.2024 15:08 | ArchVizPRO_Interior_Vol.2_Banter | 0h 0m 24s
01.17.2024 15:37 | ArchVizPRO_Interior_Vol.2_Banter | 0h 0m 25s
01.18.2024 15:28 | Lobby | 0h 0m 12s
01.18.2024 15:47 | Lobby | 0h 0m 11s
01.20.2024 20:41 | ReadingSpace | 0h 0m 3s
01.20.2024 20:41 | ReadingSpace | 0h 0m 3s
01.20.2024 21:12 | ReadingSpace | 0h 0m 10s
01.21.2024 10:50 | ReadingSpace | 0h 0m 4s
01.21.2024 16:42 | ReadingSpace | 0h 0m 26s
01.21.2024 16:56 | ReadingSpace | 0h 0m 27s
01.21.2024 16:59 | ReadingSpace | 0h 0m 24s
01.21.2024 17:05 | ReadingSpace | 0h 0m 26s
01.21.2024 20:53 | ReadingSpace | 0h 0m 29s
01.21.2024 20:55 | ReadingSpace | 0h 0m 28s
01.21.2024 20:59 | ReadingSpace | 0h 0m 28s
01.21.2024 21:03 | ReadingSpace | 0h 0m 28s
01.21.2024 21:38 | ReadingSpace | 0h 0m 27s
01.21.2024 21:39 | ReadingSpace | 0h 0m 28s
01.21.2024 21:53 | ReadingSpace | 0h 0m 27s
01.21.2024 21:57 | ReadingSpace | 0h 0m 28s
01.21.2024 22:09 | ReadingSpace | 0h 0m 28s
01.21.2024 22:25 | ReadingSpace | 0h 0m 31s
01.22.2024 00:41 | ReadingSpace | 0h 0m 50s
01.22.2024 00:43 | ReadingSpace | 0h 0m 51s
01.22.2024 10:40 | ReadingSpace | 0h 0m 44s
01.22.2024 10:48 | ReadingSpace | 0h 0m 44s
01.22.2024 10:52 | ReadingSpace | 0h 0m 45s
01.22.2024 11:01 | ReadingSpace | 0h 0m 45s
01.22.2024 11:10 | ReadingSpace | 0h 0m 30s
01.22.2024 11:12 | ReadingSpace | 0h 0m 33s
01.22.2024 11:17 | ReadingSpace | 0h 0m 33s
01.22.2024 11:25 | ReadingSpace | 0h 0m 35s
01.22.2024 11:27 | ReadingSpace | 0h 0m 37s
01.22.2024 12:29 | ReadingSpace | 0h 0m 36s
01.22.2024 12:34 | ReadingSpace | 0h 0m 36s
01.22.2024 12:36 | ReadingSpace | 0h 0m 34s
01.22.2024 12:53 | ReadingSpace | 0h 0m 35s
01.22.2024 14:20 | ReadingSpace | 0h 0m 34s
01.22.2024 14:30 | ReadingSpace | 0h 0m 34s
01.22.2024 14:32 | ReadingSpace | 0h 0m 34s
01.22.2024 14:50 | ReadingSpace | 0h 0m 33s
01.22.2024 17:05 | ReadingSpace | 0h 0m 36s
01.22.2024 17:06 | ReadingSpace | 0h 0m 36s
01.22.2024 17:09 | ReadingSpace | 0h 0m 36s
01.22.2024 17:11 | ReadingSpace | 0h 0m 38s
01.22.2024 17:12 | ReadingSpace | 0h 0m 36s
01.22.2024 17:18 | ReadingSpace | 0h 0m 37s
01.22.2024 17:21 | ReadingSpace | 0h 0m 25s
01.22.2024 17:51 | ReadingSpace | 0h 0m 26s
01.22.2024 17:59 | ReadingSpace | 0h 0m 25s
01.23.2024 22:47 | ReadingSpace | 0h 0m 17s
01.23.2024 22:49 | ReadingSpace | 0h 0m 23s
01.23.2024 22:51 | ReadingSpace | 0h 0m 17s
01.23.2024 23:03 | ReadingSpace | 0h 0m 17s
01.23.2024 23:05 | ReadingSpace | 0h 0m 17s
01.23.2024 23:07 | ReadingSpace | 0h 0m 17s
01.23.2024 23:09 | ReadingSpace | 0h 0m 17s
01.23.2024 23:11 | ReadingSpace | 0h 0m 17s
01.23.2024 23:12 | ReadingSpace | 0h 0m 17s
01.23.2024 23:13 | ReadingSpace | 0h 0m 17s
01.23.2024 23:14 | ReadingSpace | 0h 0m 17s
01.24.2024 11:42 | ReadingSpace | 0h 0m 20s
01.24.2024 11:44 | ReadingSpace | 0h 0m 21s
01.24.2024 11:45 | ReadingSpace | 0h 0m 22s
01.24.2024 12:00 | ReadingSpace | 0h 0m 22s
01.24.2024 12:05 | ReadingSpace | 0h 0m 20s
01.24.2024 12:12 | ReadingSpace | 0h 0m 21s
01.24.2024 12:35 | ReadingSpace | 0h 0m 21s
01.24.2024 12:37 | ReadingSpace | 0h 0m 21s
01.24.2024 12:39 | ReadingSpace | 0h 0m 21s
01.24.2024 12:44 | ReadingSpace | 0h 0m 21s
01.24.2024 14:41 | ReadingSpace | 0h 0m 18s
01.24.2024 17:07 | ReadingSpace | 0h 0m 22s
01.24.2024 17:14 | ReadingSpace | 0h 0m 17s
01.24.2024 17:23 | ReadingSpace | 0h 0m 17s
01.24.2024 23:09 | ReadingSpace | 0h 0m 22s
01.24.2024 23:11 | ReadingSpace | 0h 0m 22s
01.24.2024 23:13 | ReadingSpace | 0h 0m 21s
01.24.2024 23:46 | ReadingSpace | 0h 0m 4s
01.24.2024 23:46 | ReadingSpace | 0h 0m 5s
01.25.2024 00:19 | ReadingSpace | 0h 0m 17s
01.25.2024 10:22 | ReadingSpace | 0h 0m 18s
01.25.2024 11:06 | ReadingSpace | 0h 0m 18s
01.25.2024 11:30 | ReadingSpace | 0h 0m 18s
01.29.2024 18:07 | ReadingSpace | 0h 1m 5s
01.29.2024 18:11 | ReadingSpace | 0h 1m 2s
01.29.2024 18:15 | ReadingSpace | 0h 1m 1s
01.29.2024 18:23 | ReadingSpace | 0h 1m 2s
01.29.2024 18:27 | ReadingSpace | 0h 1m 4s
01.29.2024 18:30 | ReadingSpace | 0h 1m 4s
01.29.2024 19:01 | ReadingSpace | 0h 0m 59s
01.29.2024 19:05 | ReadingSpace | 0h 1m 0s
02.06.2024 10:47 | ReadingSpace | 0h 1m 5s
02.06.2024 17:54 | FasionShow | 0h 0m 8s
02.06.2024 17:57 | FasionShow | 0h 0m 6s
02.06.2024 17:57 | FasionShow | 0h 0m 6s
02.06.2024 18:03 | FasionShow | 0h 0m 10s
02.06.2024 18:07 | FasionShow | 0h 0m 11s
02.06.2024 18:20 | FasionShow | 0h 0m 13s
02.06.2024 18:35 | FasionShow | 0h 0m 16s
02.06.2024 18:52 | FasionShow | 0h 0m 17s
02.06.2024 18:54 | FasionShow | 0h 0m 17s
02.06.2024 19:05 | FasionShow | 0h 0m 17s
02.06.2024 19:11 | FasionShow | 0h 0m 23s
02.06.2024 19:21 | FasionShow | 0h 0m 23s
02.06.2024 19:35 | FasionShow | 0h 0m 22s
02.06.2024 19:36 | FasionShow | 0h 0m 23s
02.06.2024 19:38 | FasionShow | 0h 0m 21s
02.06.2024 19:51 | FasionShow | 0h 0m 18s
02.06.2024 19:52 | FasionShow | 0h 0m 21s
02.06.2024 19:55 | FasionShow | 0h 0m 21s
02.06.2024 20:51 | FasionShow | 0h 0m 28s
02.06.2024 21:02 | FasionShow | 0h 0m 10s
02.06.2024 23:16 | FasionShow | 0h 0m 11s
02.12.2024 19:52 | ReadingSpace | 0h 0m 27s
02.12.2024 20:18 | ReadingSpace | 0h 1m 15s
02.12.2024 20:22 | ReadingSpace | 0h 1m 18s
02.12.2024 20:34 | ReadingSpace | 0h 1m 17s
02.12.2024 20:47 | ReadingSpace | 0h 0m 25s
02.12.2024 20:50 | ReadingSpace | 0h 0m 26s
02.12.2024 20:56 | ReadingSpace | 0h 0m 26s
02.12.2024 21:06 | ReadingSpace | 0h 0m 31s
02.12.2024 21:13 | ReadingSpace | 0h 0m 31s
02.12.2024 21:14 | ReadingSpace | 0h 0m 31s
02.12.2024 21:16 | ReadingSpace | 0h 0m 27s
02.12.2024 21:20 | ReadingSpace | 0h 0m 32s
02.12.2024 21:22 | ReadingSpace | 0h 0m 32s
02.12.2024 21:30 | ReadingSpace | 0h 0m 33s
02.12.2024 21:35 | ReadingSpace | 0h 0m 34s
02.12.2024 22:17 | ReadingSpace | 0h 0m 32s
02.12.2024 22:32 | ReadingSpace | 0h 0m 31s
02.12.2024 22:35 | ReadingSpace | 0h 0m 33s
02.12.2024 22:37 | ReadingSpace | 0h 0m 32s
02.12.2024 22:43 | ReadingSpace | 0h 0m 33s
02.12.2024 22:48 | ReadingSpace | 0h 0m 12s
02.12.2024 22:51 | ReadingSpace | 0h 0m 10s
02.12.2024 22:53 | ReadingSpace | 0h 0m 11s
02.12.2024 23:03 | ReadingSpace | 0h 0m 31s
02.12.2024 23:04 | ReadingSpace | 0h 0m 32s
02.12.2024 23:06 | ReadingSpace | 0h 0m 34s
02.12.2024 23:08 | ReadingSpace | 0h 0m 35s
02.12.2024 23:09 | ReadingSpace | 0h 0m 33s
02.19.2024 16:29 | ReadingSpace | 0h 1m 6s
02.19.2024 16:32 | ReadingSpace | 0h 0m 59s
02.19.2024 16:36 | ReadingSpace | 0h 0m 6s
03.02.2024 16:23 | FasionShow | 0h 0m 8s
03.02.2024 16:25 | FasionShow | 0h 0m 8s
03.02.2024 16:26 | FasionShow | 0h 0m 10s
03.02.2024 16:51 | FasionShow | 0h 0m 13s
03.02.2024 16:53 | FasionShow | 0h 0m 13s
03.02.2024 18:35 | FasionShow | 0h 0m 24s
03.02.2024 18:39 | FasionShow | 0h 0m 23s
03.02.2024 18:43 | FasionShow | 0h 0m 21s
03.02.2024 19:11 | FasionShow | 0h 0m 25s
03.02.2024 19:18 | FasionShow | 0h 0m 21s
03.02.2024 19:31 | FasionShow | 0h 0m 21s
03.02.2024 20:21 | FasionShow | 0h 0m 26s
03.05.2024 11:39 | Island_Brighter | 0h 0m 54s
03.05.2024 11:41 | Island_Brighter | 0h 0m 53s
03.08.2024 19:04 | Bedtime | 0h 1m 26s
03.08.2024 20:46 | Bedtime | 0h 0m 4s
03.08.2024 20:58 | Bedtime | 0h 0m 5s
03.08.2024 21:05 | Bedtime | 0h 0m 5s
03.08.2024 21:07 | Bedtime | 0h 0m 5s
03.08.2024 21:08 | Bedtime | 0h 0m 5s
03.08.2024 21:14 | Bedtime | 0h 0m 5s
03.08.2024 23:29 | Bedtime | 0h 0m 5s
03.08.2024 23:29 | Bedtime | 0h 0m 6s
03.09.2024 00:02 | Bedtime | 0h 0m 9s
03.09.2024 00:02 | Bedtime | 0h 0m 9s
03.09.2024 00:04 | Bedtime | 0h 0m 9s
03.09.2024 14:58 | Bedtime | 0h 0m 9s
03.15.2024 16:02 | Moria | 0h 0m 5s
03.15.2024 16:03 | Moria | 0h 0m 14s
03.15.2024 16:04 | Moria | 0h 0m 15s
03.15.2024 16:06 | Moria | 0h 0m 29s
03.15.2024 16:13 | Moria | 0h 0m 29s
03.15.2024 16:40 | Moria | 0h 0m 30s
03.15.2024 18:05 | Moria | 0h 1m 0s
03.15.2024 21:15 | Moria | 0h 1m 0s
03.15.2024 21:25 | Moria | 0h 0m 29s
03.15.2024 22:06 | Moria | 0h 0m 27s
03.15.2024 22:18 | Moria | 0h 0m 27s
03.15.2024 22:19 | Moria | 0h 0m 35s
03.15.2024 22:36 | Moria | 0h 0m 33s
03.15.2024 22:39 | Moria | 0h 0m 38s
03.16.2024 00:29 | Moria | 0h 0m 37s
03.16.2024 00:35 | Moria | 0h 0m 37s
03.16.2024 00:38 | Moria | 0h 0m 35s
03.16.2024 14:15 | Moria | 0h 0m 37s
03.16.2024 14:33 | Moria | 0h 0m 42s
03.16.2024 15:23 | Moria | 0h 0m 42s
03.17.2024 23:44 | Island2 | 0h 0m 58s
03.17.2024 23:46 | Island2 | 0h 0m 53s
03.17.2024 23:48 | Island2 | 0h 0m 52s
03.17.2024 23:54 | Island2 | 0h 0m 57s
03.22.2024 13:59 | VOX | 0h 1m 23s
03.22.2024 14:02 | VOX | 0h 1m 23s
03.22.2024 14:04 | VOX | 0h 1m 21s
03.22.2024 14:09 | VOX | 0h 1m 20s
03.22.2024 15:11 | VOX | 0h 1m 36s
03.22.2024 15:14 | VOX | 0h 1m 33s
03.22.2024 15:19 | VOX | 0h 1m 35s
03.22.2024 15:22 | VOX | 0h 0m 14s
03.22.2024 15:24 | VOX | 0h 0m 14s
03.22.2024 15:27 | VOX | 0h 0m 16s
03.22.2024 15:29 | VOX | 0h 0m 12s
03.22.2024 15:32 | VOX | 0h 0m 12s
03.22.2024 15:37 | VOX | 0h 0m 11s
03.22.2024 15:39 | VOX | 0h 0m 10s
03.22.2024 15:44 | VOX | 0h 0m 10s
03.22.2024 15:46 | VOX | 0h 0m 10s
03.22.2024 15:48 | VOX | 0h 0m 10s
03.22.2024 15:51 | VOX | 0h 0m 11s
03.22.2024 15:53 | VOX | 0h 0m 15s
03.22.2024 16:09 | VOX | 0h 0m 16s
03.22.2024 16:15 | VOX | 0h 0m 17s
03.22.2024 16:44 | VOX | 0h 0m 37s
03.22.2024 16:56 | VOX | 0h 0m 37s
03.22.2024 19:48 | TinyBunker | 0h 0m 24s
03.22.2024 19:50 | TinyBunker | 0h 0m 22s
03.22.2024 20:05 | TinyBunker | 0h 0m 23s
03.22.2024 20:07 | TinyBunker | 0h 0m 25s
03.22.2024 20:38 | TinyBunker | 0h 0m 25s
03.22.2024 20:40 | TinyBunker | 0h 0m 33s
03.22.2024 20:43 | TinyBunker | 0h 0m 40s
03.25.2024 11:09 | Island2 | 0h 1m 6s
03.25.2024 11:11 | Island2 | 0h 1m 0s
03.25.2024 11:23 | Island2 | 0h 1m 2s
03.25.2024 11:28 | Island2 | 0h 1m 4s
03.25.2024 11:34 | Island2 | 0h 1m 51s
03.25.2024 11:36 | Island2 | 0h 1m 4s
03.25.2024 11:50 | Island2 | 0h 1m 9s
03.25.2024 11:59 | Island2 | 0h 1m 0s
03.25.2024 12:02 | Island2 | 0h 0m 59s
03.25.2024 13:47 | Island2 | 0h 0m 47s
03.25.2024 19:58 | Island2 | 0h 0m 51s
04.03.2024 21:20 | Island2 | 0h 1m 0s
04.03.2024 22:05 | Island2 | 0h 1m 1s
04.03.2024 22:10 | Island2 | 0h 1m 3s
04.03.2024 22:17 | Island2 | 0h 1m 0s
04.03.2024 22:22 | Island2 | 0h 1m 0s
04.03.2024 22:26 | Island2 | 0h 1m 4s
04.03.2024 22:30 | Island2 | 0h 1m 4s
04.03.2024 22:34 | Island2 | 0h 1m 8s
04.03.2024 22:37 | Island2 | 0h 1m 3s
04.05.2024 15:47 | Workspace | 0h 0m 4s
04.05.2024 16:05 | Workspace | 0h 0m 12s
04.05.2024 16:05 | Workspace | 0h 0m 11s
04.05.2024 16:23 | Workspace | 0h 0m 4s
04.05.2024 16:24 | Workspace | 0h 0m 4s
04.05.2024 16:31 | Workspace | 0h 0m 14s
04.05.2024 17:14 | Workspace | 0h 0m 5s
04.05.2024 23:15 | H-Griffendor | 0h 0m 13s
04.05.2024 23:19 | H-Griffendor | 0h 0m 12s
04.05.2024 23:24 | H-Griffendor | 0h 0m 12s
04.05.2024 23:25 | H-Griffendor | 0h 0m 12s
04.05.2024 23:57 | H-Griffendor | 0h 0m 13s
04.06.2024 00:09 | H-Griffendor | 0h 0m 13s
04.06.2024 00:14 | H-Griffendor | 0h 0m 12s
04.06.2024 00:18 | H-Griffendor | 0h 0m 13s
04.06.2024 00:25 | H-Griffendor | 0h 0m 13s
04.06.2024 13:12 | H-Griffendor | 0h 0m 9s
04.06.2024 13:13 | H-Griffendor | 0h 0m 8s
04.06.2024 13:24 | H-Griffendor | 0h 0m 8s
04.06.2024 13:26 | H-Griffendor | 0h 0m 8s
04.06.2024 18:06 | H-Griffendor | 0h 0m 8s
04.06.2024 18:36 | H-Griffendor | 0h 0m 8s
04.06.2024 18:36 | H-Griffendor | 0h 0m 6s
04.06.2024 18:40 | H-Griffendor | 0h 0m 7s
04.07.2024 12:26 | Workspace | 0h 0m 15s
04.07.2024 13:22 | Workspace | 0h 0m 7s
04.07.2024 14:26 | Workspace | 0h 0m 8s
04.07.2024 18:57 | Workspace | 0h 0m 20s
04.09.2024 16:29 | ComRoom | 0h 0m 4s
04.09.2024 16:30 | ComRoom | 0h 0m 4s
04.09.2024 16:30 | ComRoom | 0h 0m 4s
04.09.2024 16:31 | ComRoom | 0h 0m 7s
04.09.2024 16:32 | ComRoom | 0h 0m 7s
04.09.2024 17:14 | ComRoom | 0h 0m 6s
04.09.2024 17:16 | ComRoom | 0h 0m 7s
04.09.2024 17:25 | ComRoom | 0h 1m 5s
04.09.2024 18:41 | ComRoom | 0h 1m 6s
04.10.2024 17:21 | ComRoom | 0h 0m 43s
04.10.2024 20:46 | ComRoom | 0h 0m 48s
04.10.2024 21:09 | ComRoom | 0h 0m 49s
04.10.2024 21:19 | ComRoom | 0h 2m 40s
04.18.2024 23:51 | Island2 | 0h 2m 27s
04.18.2024 23:56 | Island2 | 0h 2m 14s
04.20.2024 16:56 | FasionShow2 | 0h 0m 26s
04.20.2024 17:13 | FasionShow2 | 0h 0m 23s
04.20.2024 17:53 | Island2 | 0h 1m 30s
04.20.2024 18:04 | Island2 | 0h 1m 36s
04.20.2024 18:31 | Island2 | 0h 1m 31s
04.21.2024 19:13 | Workspace | 0h 0m 9s
04.21.2024 19:24 | Workspace | 0h 0m 15s
04.21.2024 19:26 | Workspace | 0h 0m 15s
04.21.2024 19:29 | Workspace | 0h 0m 15s
04.21.2024 21:56 | Workspace | 0h 0m 17s
04.22.2024 15:46 | ArtMeetup | 0h 0m 20s
04.28.2024 16:34 | Workspace | 0h 0m 14s
04.28.2024 16:39 | Workspace | 0h 0m 14s
05.02.2024 18:19 | ReadingSpace | 0h 1m 1s
05.14.2024 13:06 | Island_Daytime | 0h 0m 45s
05.14.2024 13:09 | Island_Daytime | 0h 0m 41s
05.14.2024 13:15 | Island_Daytime | 0h 0m 42s
05.14.2024 13:18 | Island_Daytime | 0h 0m 13s
05.14.2024 13:18 | Island_Daytime | 0h 0m 13s
05.14.2024 13:19 | Island_Daytime | 0h 0m 14s
05.14.2024 13:19 | Island_Daytime | 0h 0m 13s
05.14.2024 13:21 | Island_Daytime | 0h 0m 16s
05.14.2024 13:22 | Island_Daytime | 0h 0m 12s
05.14.2024 13:22 | Island_Daytime | 0h 0m 12s
05.14.2024 13:23 | Island_Daytime | 0h 0m 12s
05.14.2024 14:53 | Island2 | 0h 1m 21s
05.14.2024 14:57 | Island2 | 0h 1m 54s
05.14.2024 15:09 | Island2 | 0h 1m 53s
05.14.2024 15:14 | Island2 | 0h 2m 19s
05.15.2024 16:13 | Island_Daytime | 0h 0m 19s
05.15.2024 16:41 | Island_Daytime | 0h 0m 18s
05.15.2024 16:45 | Island_Daytime | 0h 0m 18s
05.15.2024 22:49 | Island_Daytime | 0h 0m 22s
05.15.2024 23:03 | Island_Daytime | 0h 0m 21s
05.15.2024 23:38 | Island_Daytime | 0h 0m 20s
05.15.2024 23:39 | Island_Daytime | 0h 0m 18s
05.15.2024 23:40 | Island_Daytime | 0h 0m 18s
05.15.2024 23:46 | Island_Daytime | 0h 0m 20s
05.17.2024 18:02 | Island_Daytime | 0h 0m 22s
05.17.2024 20:43 | Island_Daytime | 0h 0m 20s
05.17.2024 20:44 | Island_Daytime | 0h 0m 19s
05.17.2024 20:45 | Island_Daytime | 0h 0m 19s
05.17.2024 20:47 | Island_Daytime | 0h 0m 21s
05.17.2024 20:57 | Island_Daytime | 0h 0m 20s
05.17.2024 21:01 | Island_Daytime | 0h 0m 20s
05.17.2024 21:02 | Island_Daytime | 0h 0m 20s
05.18.2024 19:00 | Island_Daytime | 0h 0m 30s
05.18.2024 21:51 | Island_Daytime | 0h 0m 22s
05.18.2024 22:03 | Island_Daytime | 0h 0m 22s
05.18.2024 22:27 | Island_Daytime | 0h 0m 21s
05.18.2024 23:14 | Island_Daytime | 0h 0m 22s
05.19.2024 15:50 | Island_Birthday | 0h 0m 23s
05.19.2024 16:00 | Island_Birthday | 0h 0m 23s
05.19.2024 21:56 | Island_Birthday | 0h 0m 26s
05.19.2024 22:15 | Island_Birthday | 0h 0m 25s
05.21.2024 14:50 | Island_Birthday | 0h 0m 36s
05.21.2024 14:52 | Island_Birthday | 0h 0m 33s
05.21.2024 14:53 | Island_Birthday | 0h 0m 33s
05.21.2024 14:55 | Island_Birthday | 0h 0m 33s
05.21.2024 15:11 | Island_Birthday | 0h 0m 23s
05.21.2024 15:13 | Island_Birthday | 0h 0m 18s
05.21.2024 15:20 | Island_Birthday | 0h 0m 19s
05.21.2024 15:23 | Island_Birthday | 0h 0m 18s
05.21.2024 15:24 | Island_Birthday | 0h 0m 17s
05.21.2024 15:26 | Island_Birthday | 0h 0m 18s
05.21.2024 15:27 | Island_Birthday | 0h 0m 18s
05.21.2024 15:29 | Island_Birthday | 0h 0m 18s
05.21.2024 15:56 | Island_Birthday | 0h 0m 18s
05.25.2024 18:37 | Bedtime | 0h 0m 9s
05.25.2024 23:17 | Bedtime | 0h 0m 13s
05.26.2024 00:34 | Bedtime | 0h 0m 14s
06.01.2024 13:42 | NewUserLobby | 0h 0m 14s
06.01.2024 14:12 | NewUserLobby | 0h 0m 12s
06.01.2024 15:27 | NewUserLobby | 0h 0m 12s
06.01.2024 15:32 | NewUserLobby | 0h 0m 12s
06.01.2024 15:33 | NewUserLobby | 0h 0m 11s
06.01.2024 15:41 | NewUserLobby | 0h 0m 11s
06.01.2024 15:46 | NewUserLobby | 0h 0m 11s
06.01.2024 15:49 | NewUserLobby | 0h 0m 11s
06.02.2024 12:30 | NewUserLobby | 0h 0m 13s
06.02.2024 13:50 | NewUserLobby | 0h 0m 19s
06.02.2024 14:23 | NewUserLobby | 0h 0m 10s
06.02.2024 15:48 | NewUserLobby | 0h 0m 13s
06.02.2024 15:50 | NewUserLobby | 0h 0m 13s
06.02.2024 15:55 | NewUserLobby | 0h 0m 12s
06.02.2024 16:20 | NewUserLobby | 0h 0m 11s
06.02.2024 17:21 | NewUserLobby | 0h 0m 12s
06.02.2024 17:34 | NewUserLobby | 0h 0m 17s
06.02.2024 18:08 | NewUserLobby | 0h 0m 19s
06.02.2024 19:47 | NewUserLobby | 0h 0m 19s
06.03.2024 00:02 | NewUserLobby | 0h 1m 2s
06.03.2024 00:23 | NewUserLobby | 0h 1m 8s
06.03.2024 00:29 | NewUserLobby | 0h 0m 35s
06.03.2024 00:32 | NewUserLobby | 0h 1m 7s
06.03.2024 12:09 | NewUserLobby | 0h 0m 22s
06.03.2024 12:17 | NewUserLobby | 0h 2m 43s
06.03.2024 12:28 | NewUserLobby | 0h 0m 42s
06.03.2024 12:30 | NewUserLobby | 0h 0m 41s
06.03.2024 12:36 | NewUserLobby | 0h 0m 41s
06.03.2024 16:24 | NewUserLobby | 0h 0m 42s
06.09.2024 22:18 | NewUserLobby | 0h 0m 48s
06.12.2024 21:37 | NewUserLobby | 0h 0m 52s
06.12.2024 22:01 | NewUserLobby | 0h 0m 44s
06.19.2024 23:27 | NewUserLobby | 0h 0m 38s
06.19.2024 23:47 | NewUserLobby | 0h 1m 8s
06.19.2024 23:50 | NewUserLobby | 0h 1m 8s
06.19.2024 23:57 | NewUserLobby | 0h 1m 8s
06.20.2024 00:06 | NewUserLobby | 0h 1m 10s
06.20.2024 15:22 | NewUserLobby | 0h 1m 23s
06.20.2024 15:31 | NewUserLobby | 0h 1m 20s
06.28.2024 23:23 | Island_Birthday | 0h 0m 21s
07.06.2024 12:48 | ReadingSpace | 0h 1m 23s
07.09.2024 16:23 | Zeppelin | 0h 0m 35s
07.30.2024 16:20 | SciFiLounge | 0h 0m 4s
07.30.2024 16:21 | SciFiLounge | 0h 0m 4s
07.30.2024 16:23 | SciFiLounge | 0h 0m 6s
07.30.2024 16:42 | SciFiLounge | 0h 0m 7s
07.30.2024 17:36 | SciFiLounge | 0h 0m 22s
07.30.2024 17:45 | SciFiLounge | 0h 0m 22s
07.30.2024 17:49 | SciFiLounge | 0h 0m 23s
07.30.2024 17:54 | SciFiLounge | 0h 0m 25s
07.30.2024 17:59 | SciFiLounge | 0h 0m 26s
07.30.2024 18:14 | SciFiLounge | 0h 0m 24s
07.30.2024 18:16 | SciFiLounge | 0h 0m 50s
07.30.2024 20:35 | SciFiLounge | 0h 0m 46s
07.30.2024 20:40 | SciFiLounge | 0h 2m 5s
07.30.2024 21:23 | SciFiLounge | 0h 2m 13s
07.30.2024 21:37 | SciFiLounge | 0h 2m 3s
07.30.2024 21:57 | SciFiLounge | 0h 1m 43s
07.30.2024 22:02 | SciFiLounge | 0h 1m 40s
07.30.2024 22:03 | SciFiLounge | 0h 0m 17s
07.30.2024 22:06 | SciFiLounge | 0h 0m 16s
07.30.2024 22:07 | SciFiLounge | 0h 0m 15s
07.30.2024 22:13 | SciFiLounge | 0h 1m 27s
07.30.2024 22:26 | SciFiLounge | 0h 1m 29s
07.30.2024 22:29 | SciFiLounge | 0h 1m 37s
07.30.2024 22:30 | SciFiLounge | 0h 0m 35s
07.30.2024 22:34 | SciFiLounge | 0h 0m 31s
07.30.2024 22:35 | SciFiLounge | 0h 0m 29s
07.30.2024 23:05 | SciFiLounge | 0h 0m 29s
07.30.2024 23:07 | SciFiLounge | 0h 0m 29s
07.30.2024 23:09 | SciFiLounge | 0h 0m 27s
07.30.2024 23:10 | SciFiLounge | 0h 0m 30s
07.30.2024 23:12 | SciFiLounge | 0h 0m 34s
07.30.2024 23:14 | SciFiLounge | 0h 0m 35s
07.30.2024 23:52 | SciFiLounge | 0h 0m 40s
07.31.2024 00:12 | SciFiLounge | 0h 2m 0s
09.05.2024 23:17 | SciFiLounge | 0h 2m 9s
10.07.2024 23:12 | ISS | 0h 0m 37s
10.07.2024 23:16 | ISS | 0h 0m 20s
10.07.2024 23:19 | ISS | 0h 0m 22s
10.07.2024 23:24 | ISS | 0h 0m 18s
10.07.2024 23:28 | ISS | 0h 0m 19s
10.08.2024 15:03 | ISS | 0h 0m 19s
10.08.2024 15:06 | ISS | 0h 0m 44s
10.08.2024 15:22 | ISS | 0h 0m 39s
10.08.2024 15:35 | ISS | 0h 1m 41s
10.08.2024 22:11 | ISS | 0h 1m 33s
10.09.2024 13:50 | ISS | 0h 1m 57s
10.09.2024 13:58 | ISS | 0h 1m 43s
10.09.2024 17:08 | ISS | 0h 0m 27s
10.09.2024 17:42 | ISS | 0h 0m 24s
10.09.2024 18:16 | ISS | 0h 2m 4s
10.14.2024 16:55 | example_volumes_simple | 0h 0m 9s
10.15.2024 19:24 | Island2 | 0h 3m 4s
10.24.2024 11:14 | EscherStairs | 0h 0m 24s
10.24.2024 14:55 | EscherStairs | 0h 0m 27s
10.24.2024 15:14 | EscherStairs | 0h 0m 24s
10.24.2024 15:16 | EscherStairs | 0h 0m 24s
10.24.2024 15:24 | EscherStairs | 0h 0m 24s
10.24.2024 17:35 | EscherStairs | 0h 0m 28s
02.10.2025 10:42 | GothParty | 0h 0m 15s
02.10.2025 10:43 | GothParty | 0h 0m 41s
02.10.2025 15:19 | GothParty | 0h 0m 44s
02.10.2025 21:45 | GothParty | 0h 0m 48s
02.10.2025 22:33 | GothParty | 0h 0m 59s
02.10.2025 22:35 | GothParty | 0h 1m 0s
03.09.2025 18:53 | Haus | 0h 0m 16s
03.09.2025 19:07 | Haus | 0h 0m 12s
03.09.2025 19:09 | Haus | 0h 0m 14s
03.09.2025 20:16 | Haus | 0h 0m 20s
03.09.2025 20:19 | Haus | 0h 0m 22s
03.09.2025 20:20 | Haus | 0h 0m 25s
03.09.2025 20:24 | Haus | 0h 0m 12s
03.09.2025 21:25 | Haus | 0h 0m 13s
03.09.2025 21:40 | Haus | 0h 0m 13s
03.09.2025 21:52 | Haus | 0h 0m 13s
03.09.2025 21:59 | Haus | 0h 0m 13s
03.10.2025 15:14 | Haus | 0h 0m 32s
03.10.2025 15:29 | Haus | 0h 0m 12s
03.10.2025 15:31 | Haus | 0h 0m 12s
03.10.2025 17:11 | Haus | 0h 0m 15s
03.10.2025 20:36 | Haus | 0h 0m 14s
03.10.2025 20:37 | Haus | 0h 0m 5s
03.10.2025 20:49 | Haus | 0h 0m 6s
03.12.2025 22:53 | Haus | 0h 0m 7s
03.13.2025 20:19 | Haus | 0h 0m 17s
03.13.2025 20:44 | Haus | 0h 0m 11s
03.13.2025 20:46 | Haus | 0h 0m 12s
03.13.2025 20:50 | Haus | 0h 0m 6s
03.14.2025 16:06 | Haus | 0h 0m 19s
03.19.2025 13:43 | Haus | 0h 0m 7s
03.19.2025 13:50 | Haus | 0h 0m 15s
03.19.2025 14:00 | Haus | 0h 0m 16s
03.19.2025 14:26 | Haus | 0h 0m 15s
03.19.2025 14:31 | Haus | 0h 0m 15s
03.19.2025 14:59 | Haus | 0h 0m 12s
03.24.2025 18:42 | Haus | 0h 0m 12s
03.24.2025 19:18 | Haus | 0h 0m 12s
03.24.2025 23:59 | Haus | 0h 0m 30s
04.12.2025 18:19 | Haus | 0h 0m 13s
04.12.2025 18:25 | Haus | 0h 0m 11s
04.26.2025 22:10 | Haus | 0h 0m 12s
04.26.2025 22:33 | Haus | 0h 0m 12s
05.09.2025 00:09 | Haus | 0h 0m 17s
05.11.2025 22:54 | Haus | 0h 0m 17s
05.12.2025 12:53 | Haus | 0h 0m 22s
05.12.2025 13:02 | Haus | 0h 0m 12s
06.16.2025 11:26 | Haus | 0h 0m 11s
06.16.2025 11:39 | Haus | 0h 0m 11s
06.16.2025 12:30 | Haus | 0h 0m 11s
06.16.2025 12:36 | Haus | 0h 0m 10s
06.16.2025 12:47 | Haus | 0h 0m 11s
06.16.2025 12:51 | Haus | 0h 0m 11s
06.16.2025 15:35 | Haus | 0h 0m 14s
06.16.2025 15:37 | Haus | 0h 0m 16s
06.16.2025 15:49 | Haus | 0h 0m 17s
08.12.2025 12:20 | Haus | 0h 0m 13s
08.12.2025 21:10 | Haus | 0h 0m 23s
08.12.2025 21:19 | Haus | 0h 0m 13s
08.13.2025 14:09 | Haus | 0h 0m 17s
08.14.2025 00:04 | Haus | 0h 0m 18s
08.14.2025 00:09 | Haus | 0h 0m 19s
08.14.2025 00:12 | Haus | 0h 0m 18s
08.14.2025 00:16 | Haus | 0h 0m 18s
09.03.2025 15:38 | Haus | 0h 0m 15s
09.03.2025 15:56 | Haus | 0h 0m 22s
09.03.2025 16:24 | Haus | 0h 0m 13s
09.03.2025 17:36 | Haus | 0h 0m 25s
09.03.2025 17:49 | Haus | 0h 0m 15s
